Archive member included because of file (symbol)

C:\Users\Админ\AppData\Local\arduino15\packages\arduino\hardware\sam\1.6.11\variants\arduino_due_x/libsam_sam3x8e_gcc_rel.a(pio.o)
                              C:\Users\Админ\AppData\Local\Temp\VMBuilds\ard_universal_maket\arduino_due_x_dbg\Debug\variant\variant.cpp.o (PIO_Configure)
C:\Users\Админ\AppData\Local\arduino15\packages\arduino\hardware\sam\1.6.11\variants\arduino_due_x/libsam_sam3x8e_gcc_rel.a(pmc.o)
                              C:\Users\Админ\AppData\Local\Temp\VMBuilds\ard_universal_maket\arduino_due_x_dbg\Debug\LentLib.cpp.o (pmc_enable_periph_clk)
C:\Users\Админ\AppData\Local\arduino15\packages\arduino\hardware\sam\1.6.11\variants\arduino_due_x/libsam_sam3x8e_gcc_rel.a(tc.o)
                              C:\Users\Админ\AppData\Local\Temp\VMBuilds\ard_universal_maket\arduino_due_x_dbg\Debug\LentLib.cpp.o (TC_Configure)
C:\Users\Админ\AppData\Local\arduino15\packages\arduino\hardware\sam\1.6.11\variants\arduino_due_x/libsam_sam3x8e_gcc_rel.a(system_sam3xa.o)
                              C:\Users\Админ\AppData\Local\Temp\VMBuilds\ard_universal_maket\arduino_due_x_dbg\Debug\variant\variant.cpp.o (SystemInit)
C:\Users\Админ\AppData\Local\arduino15\packages\arduino\hardware\sam\1.6.11\variants\arduino_due_x/libsam_sam3x8e_gcc_rel.a(startup_sam3xa.o)
                              (Reset_Handler)
C:\Users\Админ\AppData\Local\arduino15\packages\arduino\hardware\sam\1.6.11\variants\arduino_due_x/libsam_sam3x8e_gcc_rel.a(adc.o)
                              C:\Users\Админ\AppData\Local\Temp\VMBuilds\ard_universal_maket\arduino_due_x_dbg\Debug\variant\variant.cpp.o (adc_init)
C:\Users\Админ\AppData\Local\arduino15\packages\arduino\hardware\sam\1.6.11\variants\arduino_due_x/libsam_sam3x8e_gcc_rel.a(uotghs.o)
                              C:\Users\Админ\AppData\Local\arduino15\packages\arduino\hardware\sam\1.6.11\variants\arduino_due_x/libsam_sam3x8e_gcc_rel.a(startup_sam3xa.o) (UOTGHS_Handler)
C:\Users\Админ\AppData\Local\Temp\VMBuilds\ard_universal_maket\arduino_due_x_dbg\Debug/core.a(cortex_handlers.c.o)
                              C:\Users\Админ\AppData\Local\arduino15\packages\arduino\hardware\sam\1.6.11\variants\arduino_due_x/libsam_sam3x8e_gcc_rel.a(startup_sam3xa.o) (NMI_Handler)
C:\Users\Админ\AppData\Local\Temp\VMBuilds\ard_universal_maket\arduino_due_x_dbg\Debug/core.a(hooks.c.o)
                              C:\Users\Админ\AppData\Local\Temp\VMBuilds\ard_universal_maket\arduino_due_x_dbg\Debug\FastLED-3.1.3\FastLED.cpp.o (yield)
C:\Users\Админ\AppData\Local\Temp\VMBuilds\ard_universal_maket\arduino_due_x_dbg\Debug/core.a(syscalls_sam3.c.o)
                              (_sbrk)
C:\Users\Админ\AppData\Local\Temp\VMBuilds\ard_universal_maket\arduino_due_x_dbg\Debug/core.a(wiring.c.o)
                              C:\Users\Админ\AppData\Local\Temp\VMBuilds\ard_universal_maket\arduino_due_x_dbg\Debug\ard_universal_maket.cpp.o (millis)
C:\Users\Админ\AppData\Local\Temp\VMBuilds\ard_universal_maket\arduino_due_x_dbg\Debug/core.a(wiring_analog.c.o)
                              C:\Users\Админ\AppData\Local\Temp\VMBuilds\ard_universal_maket\arduino_due_x_dbg\Debug\variant\variant.cpp.o (analogOutputInit)
C:\Users\Админ\AppData\Local\Temp\VMBuilds\ard_universal_maket\arduino_due_x_dbg\Debug/core.a(wiring_digital.c.o)
                              C:\Users\Админ\AppData\Local\Temp\VMBuilds\ard_universal_maket\arduino_due_x_dbg\Debug\LentLib.cpp.o (pinMode)
C:\Users\Админ\AppData\Local\Temp\VMBuilds\ard_universal_maket\arduino_due_x_dbg\Debug/core.a(abi.cpp.o)
                              C:\Users\Админ\AppData\Local\Temp\VMBuilds\ard_universal_maket\arduino_due_x_dbg\Debug\LentLib.cpp.o (__cxa_pure_virtual)
C:\Users\Админ\AppData\Local\Temp\VMBuilds\ard_universal_maket\arduino_due_x_dbg\Debug/core.a(main.cpp.o)
                              c:/users/админ/appdata/local/arduino15/packages/arduino/tools/arm-none-eabi-gcc/4.8.3-2014q1/bin/../lib/gcc/arm-none-eabi/4.8.3/../../../../arm-none-eabi/lib/armv7-m/crt0.o (main)
C:\Users\Админ\AppData\Local\Temp\VMBuilds\ard_universal_maket\arduino_due_x_dbg\Debug/core.a(new.cpp.o)
                              C:\Users\Админ\AppData\Local\Temp\VMBuilds\ard_universal_maket\arduino_due_x_dbg\Debug\LentLib.cpp.o (operator new[](unsigned int))
C:\Users\Админ\AppData\Local\Temp\VMBuilds\ard_universal_maket\arduino_due_x_dbg\Debug/core.a(Print.cpp.o)
                              C:\Users\Админ\AppData\Local\Temp\VMBuilds\ard_universal_maket\arduino_due_x_dbg\Debug\ard_universal_maket.cpp.o (Print::print(char const*))
C:\Users\Админ\AppData\Local\Temp\VMBuilds\ard_universal_maket\arduino_due_x_dbg\Debug/core.a(Reset.cpp.o)
                              C:\Users\Админ\AppData\Local\Temp\VMBuilds\ard_universal_maket\arduino_due_x_dbg\Debug/core.a(cortex_handlers.c.o) (tickReset)
C:\Users\Админ\AppData\Local\Temp\VMBuilds\ard_universal_maket\arduino_due_x_dbg\Debug/core.a(RingBuffer.cpp.o)
[...]
Memory Configuration

Name             Origin             Length             Attributes
rom              0x00080000         0x00080000         xr
sram0            0x20000000         0x00010000         xrw
sram1            0x20080000         0x00008000         xrw
ram              0x20070000         0x00018000         xrw
*default*        0x00000000         0xffffffff

Linker script and memory map

LOAD c:/users/админ/appdata/local/arduino15/packages/arduino/tools/arm-none-eabi-gcc/4.8.3-2014q1/bin/../lib/gcc/arm-none-eabi/4.8.3/armv7-m/crti.o
LOAD c:/users/админ/appdata/local/arduino15/packages/arduino/tools/arm-none-eabi-gcc/4.8.3-2014q1/bin/../lib/gcc/arm-none-eabi/4.8.3/armv7-m/crtbegin.o
LOAD c:/users/админ/appdata/local/arduino15/packages/arduino/tools/arm-none-eabi-gcc/4.8.3-2014q1/bin/../lib/gcc/arm-none-eabi/4.8.3/../../../../arm-none-eabi/lib/armv7-m/crt0.o
START GROUP
LOAD C:\Users\Админ\AppData\Local\Temp\VMBuilds\ard_universal_maket\arduino_due_x_dbg\Debug\ard_universal_maket.cpp.o
LOAD C:\Users\Админ\AppData\Local\Temp\VMBuilds\ard_universal_maket\arduino_due_x_dbg\Debug\FastLED-3.1.3\bitswap.cpp.o
LOAD C:\Users\Админ\AppData\Local\Temp\VMBuilds\ard_universal_maket\arduino_due_x_dbg\Debug\FastLED-3.1.3\colorpalettes.cpp.o
LOAD C:\Users\Админ\AppData\Local\Temp\VMBuilds\ard_universal_maket\arduino_due_x_dbg\Debug\FastLED-3.1.3\colorutils.cpp.o
LOAD C:\Users\Админ\AppData\Local\Temp\VMBuilds\ard_universal_maket\arduino_due_x_dbg\Debug\FastLED-3.1.3\FastLED.cpp.o
LOAD C:\Users\Админ\AppData\Local\Temp\VMBuilds\ard_universal_maket\arduino_due_x_dbg\Debug\FastLED-3.1.3\hsv2rgb.cpp.o
LOAD C:\Users\Админ\AppData\Local\Temp\VMBuilds\ard_universal_maket\arduino_due_x_dbg\Debug\FastLED-3.1.3\lib8tion.cpp.o
LOAD C:\Users\Админ\AppData\Local\Temp\VMBuilds\ard_universal_maket\arduino_due_x_dbg\Debug\FastLED-3.1.3\noise.cpp.o
LOAD C:\Users\Админ\AppData\Local\Temp\VMBuilds\ard_universal_maket\arduino_due_x_dbg\Debug\FastLED-3.1.3\power_mgt.cpp.o
LOAD C:\Users\Админ\AppData\Local\Temp\VMBuilds\ard_universal_maket\arduino_due_x_dbg\Debug\FastLED-3.1.3\wiring.cpp.o
LOAD C:\Users\Админ\AppData\Local\Temp\VMBuilds\ard_universal_maket\arduino_due_x_dbg\Debug\VM_DBG\VM_DBG.cpp.o
LOAD C:\Users\Админ\AppData\Local\Temp\VMBuilds\ard_universal_maket\arduino_due_x_dbg\Debug\VM_DBG\VM_mem_check_sam.cpp.o
LOAD C:\Users\Админ\AppData\Local\Temp\VMBuilds\ard_universal_maket\arduino_due_x_dbg\Debug\LentLib.cpp.o
LOAD C:\Users\Админ\AppData\Local\Temp\VMBuilds\ard_universal_maket\arduino_due_x_dbg\Debug\protoLib.cpp.o
LOAD C:\Users\Админ\AppData\Local\Temp\VMBuilds\ard_universal_maket\arduino_due_x_dbg\Debug\FastLED-3.1.3\wiring.cpp.o
LOAD C:\Users\Админ\AppData\Local\Temp\VMBuilds\ard_universal_maket\arduino_due_x_dbg\Debug\variant\variant.cpp.o
LOAD C:\Users\Админ\AppData\Local\arduino15\packages\arduino\hardware\sam\1.6.11\variants\arduino_due_x/libsam_sam3x8e_gcc_rel.a
LOAD C:\Users\Админ\AppData\Local\Temp\VMBuilds\ard_universal_maket\arduino_due_x_dbg\Debug/core.a
END GROUP
LOAD c:/users/админ/appdata/local/arduino15/packages/arduino/tools/arm-none-eabi-gcc/4.8.3-2014q1/bin/../lib/gcc/arm-none-eabi/4.8.3/../../../../arm-none-eabi/lib/armv7-m\libm.a
START GROUP
LOAD c:/users/админ/appdata/local/arduino15/packages/arduino/tools/arm-none-eabi-gcc/4.8.3-2014q1/bin/../lib/gcc/arm-none-eabi/4.8.3/armv7-m\libgcc.a
LOAD c:/users/админ/appdata/local/arduino15/packages/arduino/tools/arm-none-eabi-gcc/4.8.3-2014q1/bin/../lib/gcc/arm-none-eabi/4.8.3/../../../../arm-none-eabi/lib/armv7-m\libg.a
LOAD c:/users/админ/appdata/local/arduino15/packages/arduino/tools/arm-none-eabi-gcc/4.8.3-2014q1/bin/../lib/gcc/arm-none-eabi/4.8.3/../../../../arm-none-eabi/lib/armv7-m\libc.a
END GROUP
LOAD c:/users/админ/appdata/local/arduino15/packages/arduino/tools/arm-none-eabi-gcc/4.8.3-2014q1/bin/../lib/gcc/arm-none-eabi/4.8.3/armv7-m/crtend.o
LOAD c:/users/админ/appdata/local/arduino15/packages/arduino/tools/arm-none-eabi-gcc/4.8.3-2014q1/bin/../lib/gcc/arm-none-eabi/4.8.3/armv7-m/crtn.o

.text           0x00080000     0x5b80
                0x00080000                . = ALIGN (0x4)
                0x00080000                _sfixed = .
 *(.vectors .vectors.*)
 .vectors       0x00080000       0xf4 C:\Users\Админ\AppData\Local\arduino15\packages\arduino\hardware\sam\1.6.11\variants\arduino_due_x/libsam_sam3x8e_gcc_rel.a(startup_sam3xa.o)
                0x00080000                exception_table
 *(.text .text.* .gnu.linkonce.t.*)
 .text          0x000800f4       0x54 c:/users/админ/appdata/local/arduino15/packages/arduino/tools/arm-none-eabi-gcc/4.8.3-2014q1/bin/../lib/gcc/arm-none-eabi/4.8.3/armv7-m/crtbegin.o
 .text.setup    0x00080148       0x68 C:\Users\Админ\AppData\Local\Temp\VMBuilds\ard_universal_maket\arduino_due_x_dbg\Debug\ard_universal_maket.cpp.o
                0x00080148                setup
 .text.loop     0x000801b0       0xc4 C:\Users\Админ\AppData\Local\Temp\VMBuilds\ard_universal_maket\arduino_due_x_dbg\Debug\ard_universal_maket.cpp.o
                0x000801b0                loop
 .text.atexit   0x00080274        0x4 C:\Users\Админ\AppData\Local\Temp\VMBuilds\ard_universal_maket\arduino_due_x_dbg\Debug\FastLED-3.1.3\FastLED.cpp.o
                0x00080274                atexit
 .text.startup._GLOBAL__sub_I_fuckit
                0x00080278       0x18 C:\Users\Админ\AppData\Local\Temp\VMBuilds\ard_universal_maket\arduino_due_x_dbg\Debug\FastLED-3.1.3\FastLED.cpp.o
 .text._ZN16VisualMicroDebug10DBG_MillisEv
                0x00080290        0x4 C:\Users\Админ\AppData\Local\Temp\VMBuilds\ard_universal_maket\arduino_due_x_dbg\Debug\VM_DBG\VM_DBG.cpp.o
                0x00080290                VisualMicroDebug::DBG_Millis()
 .text._ZN16VisualMicroDebug17OnBreakPointBeginEm
                0x00080294       0x16 C:\Users\Админ\AppData\Local\Temp\VMBuilds\ard_universal_maket\arduino_due_x_dbg\Debug\VM_DBG\VM_DBG.cpp.o
                0x00080294                VisualMicroDebug::OnBreakPointBegin(unsigned long)
 *fill*         0x000802aa        0x2 
 .text._ZN16VisualMicroDebug22OnBreakPointPrintBeginEh
                0x000802ac       0x6c C:\Users\Админ\AppData\Local\Temp\VMBuilds\ard_universal_maket\arduino_due_x_dbg\Debug\VM_DBG\VM_DBG.cpp.o
                0x000802ac                VisualMicroDebug::OnBreakPointPrintBegin(unsigned char)
 .text._ZN16VisualMicroDebug20OnBreakPointPrintEndEv
                0x00080318        0xc C:\Users\Админ\AppData\Local\Temp\VMBuilds\ard_universal_maket\arduino_due_x_dbg\Debug\VM_DBG\VM_DBG.cpp.o
                0x00080318                VisualMicroDebug::OnBreakPointPrintEnd()
 .text._ZN16VisualMicroDebug15OnBreakPointEndEv
                0x00080324        0xc C:\Users\Админ\AppData\Local\Temp\VMBuilds\ard_universal_maket\arduino_due_x_dbg\Debug\VM_DBG\VM_DBG.cpp.o
                0x00080324                VisualMicroDebug::OnBreakPointEnd()
 .text._ZN16VisualMicroDebug14outPacketStartEb
                0x00080330       0x24 C:\Users\Админ\AppData\Local\Temp\VMBuilds\ard_universal_maket\arduino_due_x_dbg\Debug\VM_DBG\VM_DBG.cpp.o
                0x00080330                VisualMicroDebug::outPacketStart(bool)
 .text._ZN16VisualMicroDebug12outPacketEndEv
                0x00080354        0x2 C:\Users\Админ\AppData\Local\Temp\VMBuilds\ard_universal_maket\arduino_due_x_dbg\Debug\VM_DBG\VM_DBG.cpp.o
                0x00080354                VisualMicroDebug::outPacketEnd()
 .text._ZN16VisualMicroDebug4initEm
                0x00080356       0x10 C:\Users\Админ\AppData\Local\Temp\VMBuilds\ard_universal_maket\arduino_due_x_dbg\Debug\VM_DBG\VM_DBG.cpp.o
                0x00080356                VisualMicroDebug::init(unsigned long)
 .text._ZN16VisualMicroDebug5beginEP9UARTClassm
                0x00080366       0x10 C:\Users\Админ\AppData\Local\Temp\VMBuilds\ard_universal_maket\arduino_due_x_dbg\Debug\VM_DBG\VM_DBG.cpp.o
                0x00080366                VisualMicroDebug::begin(UARTClass*, unsigned long)
 .text._ZN16VisualMicroDebug4readEv
                0x00080376        0xe C:\Users\Админ\AppData\Local\Temp\VMBuilds\ard_universal_maket\arduino_due_x_dbg\Debug\VM_DBG\VM_DBG.cpp.o
                0x00080376                VisualMicroDebug::read()
 .text._ZN16VisualMicroDebug9availableEv
                0x00080384        0xe C:\Users\Админ\AppData\Local\Temp\VMBuilds\ard_universal_maket\arduino_due_x_dbg\Debug\VM_DBG\VM_DBG.cpp.o
                0x00080384                VisualMicroDebug::available()
 *fill*         0x00080392        0x2 
 .text._ZN16VisualMicroDebug16sendContinuedACKEh
                0x00080394       0x38 C:\Users\Админ\AppData\Local\Temp\VMBuilds\ard_universal_maket\arduino_due_x_dbg\Debug\VM_DBG\VM_DBG.cpp.o
                0x00080394                VisualMicroDebug::sendContinuedACK(unsigned char)
 .text._ZN16VisualMicroDebug9breakWaitEh
                0x000803cc       0x54 C:\Users\Админ\AppData\Local\Temp\VMBuilds\ard_universal_maket\arduino_due_x_dbg\Debug\VM_DBG\VM_DBG.cpp.o
                0x000803cc                VisualMicroDebug::breakWait(unsigned char)
 .text._ZN16VisualMicroDebug5startEbb
                0x00080420       0x1e C:\Users\Админ\AppData\Local\Temp\VMBuilds\ard_universal_maket\arduino_due_x_dbg\Debug\VM_DBG\VM_DBG.cpp.o
                0x00080420                VisualMicroDebug::start(bool, bool)
 *fill*         0x0008043e        0x2 
 .text.startup._GLOBAL__sub_I__ZN16VisualMicroDebug10DBG_MillisEv
                0x00080440       0x14 C:\Users\Админ\AppData\Local\Temp\VMBuilds\ard_universal_maket\arduino_due_x_dbg\Debug\VM_DBG\VM_DBG.cpp.o
 .text._Z7addDOuth
                0x00080454       0x50 C:\Users\Админ\AppData\Local\Temp\VMBuilds\ard_universal_maket\arduino_due_x_dbg\Debug\protoLib.cpp.o
                0x00080454                addDOut(unsigned char)
 .text._Z7actDOuth
                0x000804a4       0x28 C:\Users\Админ\AppData\Local\Temp\VMBuilds\ard_universal_maket\arduino_due_x_dbg\Debug\protoLib.cpp.o
                0x000804a4                actDOut(unsigned char)
 .text._Z9deactDOuth
                0x000804cc       0x28 C:\Users\Админ\AppData\Local\Temp\VMBuilds\ard_universal_maket\arduino_due_x_dbg\Debug\protoLib.cpp.o
                0x000804cc                deactDOut(unsigned char)
 .text._Z15parseRecieveMsg3msg
                0x000804f4       0x36 C:\Users\Админ\AppData\Local\Temp\VMBuilds\ard_universal_maket\arduino_due_x_dbg\Debug\protoLib.cpp.o
                0x000804f4                parseRecieveMsg(msg)
 *fill*         0x0008052a        0x2 
 .text._Z8writeMsg3msgh
                0x0008052c       0x48 C:\Users\Админ\AppData\Local\Temp\VMBuilds\ard_universal_maket\arduino_due_x_dbg\Debug\protoLib.cpp.o
                0x0008052c                writeMsg(msg, unsigned char)
 .text._Z14parseAdressMsg3msgh
                0x00080574       0x40 C:\Users\Админ\AppData\Local\Temp\VMBuilds\ard_universal_maket\arduino_due_x_dbg\Debug\protoLib.cpp.o
                0x00080574                parseAdressMsg(msg, unsigned char)
 .text._Z9initCntrlhh
                0x000805b4       0x48 C:\Users\Админ\AppData\Local\Temp\VMBuilds\ard_universal_maket\arduino_due_x_dbg\Debug\protoLib.cpp.o
                0x000805b4                initCntrl(unsigned char, unsigned char)
 .text._Z11parseBufferh
                0x000805fc       0x74 C:\Users\Админ\AppData\Local\Temp\VMBuilds\ard_universal_maket\arduino_due_x_dbg\Debug\protoLib.cpp.o
                0x000805fc                parseBuffer(unsigned char)
 .text._Z11serialEventv
                0x00080670        0x2 C:\Users\Админ\AppData\Local\Temp\VMBuilds\ard_universal_maket\arduino_due_x_dbg\Debug\variant\variant.cpp.o
                0x00080670                serialEvent()
 *fill*         0x00080672        0x2 
 .text.UART_Handler
                0x00080674        0xc C:\Users\Админ\AppData\Local\Temp\VMBuilds\ard_universal_maket\arduino_due_x_dbg\Debug\variant\variant.cpp.o
                0x00080674                UART_Handler
 .text._Z12serialEvent1v
                0x00080680        0x2 C:\Users\Админ\AppData\Local\Temp\VMBuilds\ard_universal_maket\arduino_due_x_dbg\Debug\variant\variant.cpp.o
                0x00080680                serialEvent1()
 .text._Z12serialEvent2v
                0x00080682        0x2 C:\Users\Админ\AppData\Local\Temp\VMBuilds\ard_universal_maket\arduino_due_x_dbg\Debug\variant\variant.cpp.o
                0x00080682                serialEvent2()
 .text._Z12serialEvent3v
                0x00080684        0x2 C:\Users\Админ\AppData\Local\Temp\VMBuilds\ard_universal_maket\arduino_due_x_dbg\Debug\variant\variant.cpp.o
                0x00080684                serialEvent3()
 *fill*         0x00080686        0x2 
 .text.USART0_Handler
                0x00080688        0xc C:\Users\Админ\AppData\Local\Temp\VMBuilds\ard_universal_maket\arduino_due_x_dbg\Debug\variant\variant.cpp.o
                0x00080688                USART0_Handler
 .text.USART1_Handler
                0x00080694        0xc C:\Users\Админ\AppData\Local\Temp\VMBuilds\ard_universal_maket\arduino_due_x_dbg\Debug\variant\variant.cpp.o
                0x00080694                USART1_Handler
 .text.USART3_Handler
                0x000806a0        0xc C:\Users\Админ\AppData\Local\Temp\VMBuilds\ard_universal_maket\arduino_due_x_dbg\Debug\variant\variant.cpp.o
                0x000806a0                USART3_Handler
 .text.init     0x000806ac      0x128 C:\Users\Админ\AppData\Local\Temp\VMBuilds\ard_universal_maket\arduino_due_x_dbg\Debug\variant\variant.cpp.o
                0x000806ac                init
 .text.startup._GLOBAL__sub_I_g_APinDescription
                0x000807d4       0xd4 C:\Users\Админ\AppData\Local\Temp\VMBuilds\ard_universal_maket\arduino_due_x_dbg\Debug\variant\variant.cpp.o
 .text._Z14serialEventRunv
                0x000808a8       0x44 C:\Users\Админ\AppData\Local\Temp\VMBuilds\ard_universal_maket\arduino_due_x_dbg\Debug\variant\variant.cpp.o
                0x000808a8                serialEventRun()
 .text.PIO_PullUp
                0x000808ec        0xa C:\Users\Админ\AppData\Local\arduino15\packages\arduino\hardware\sam\1.6.11\variants\arduino_due_x/libsam_sam3x8e_gcc_rel.a(pio.o)
                0x000808ec                PIO_PullUp
 .text.PIO_SetPeripheral
                0x000808f6       0x26 C:\Users\Админ\AppData\Local\arduino15\packages\arduino\hardware\sam\1.6.11\variants\arduino_due_x/libsam_sam3x8e_gcc_rel.a(pio.o)
                0x000808f6                PIO_SetPeripheral
 .text.PIO_SetInput
                0x0008091c       0x26 C:\Users\Админ\AppData\Local\arduino15\packages\arduino\hardware\sam\1.6.11\variants\arduino_due_x/libsam_sam3x8e_gcc_rel.a(pio.o)
                0x0008091c                PIO_SetInput
 .text.PIO_SetOutput
                0x00080942       0x24 C:\Users\Админ\AppData\Local\arduino15\packages\arduino\hardware\sam\1.6.11\variants\arduino_due_x/libsam_sam3x8e_gcc_rel.a(pio.o)
                0x00080942                PIO_SetOutput
 *fill*         0x00080966        0x2 
 .text.PIO_Configure
                0x00080968       0x64 C:\Users\Админ\AppData\Local\arduino15\packages\arduino\hardware\sam\1.6.11\variants\arduino_due_x/libsam_sam3x8e_gcc_rel.a(pio.o)
                0x00080968                PIO_Configure
 .text.PIO_GetOutputDataStatus
                0x000809cc       0x14 C:\Users\Админ\AppData\Local\arduino15\packages\arduino\hardware\sam\1.6.11\variants\arduino_due_x/libsam_sam3x8e_gcc_rel.a(pio.o)
                0x000809cc                PIO_GetOutputDataStatus
 .text.pmc_enable_upll_clock
                0x000809e0       0x14 C:\Users\Админ\AppData\Local\arduino15\packages\arduino\hardware\sam\1.6.11\variants\arduino_due_x/libsam_sam3x8e_gcc_rel.a(pmc.o)
                0x000809e0                pmc_enable_upll_clock
 .text.pmc_enable_periph_clk
                0x000809f4       0x44 C:\Users\Админ\AppData\Local\arduino15\packages\arduino\hardware\sam\1.6.11\variants\arduino_due_x/libsam_sam3x8e_gcc_rel.a(pmc.o)
                0x000809f4                pmc_enable_periph_clk
 .text.pmc_disable_periph_clk
                0x00080a38       0x40 C:\Users\Админ\AppData\Local\arduino15\packages\arduino\hardware\sam\1.6.11\variants\arduino_due_x/libsam_sam3x8e_gcc_rel.a(pmc.o)
                0x00080a38                pmc_disable_periph_clk
 .text.pmc_switch_udpck_to_upllck
                0x00080a78       0x14 C:\Users\Админ\AppData\Local\arduino15\packages\arduino\hardware\sam\1.6.11\variants\arduino_due_x/libsam_sam3x8e_gcc_rel.a(pmc.o)
                0x00080a78                pmc_switch_udpck_to_upllck
 .text.pmc_enable_udpck
                0x00080a8c        0xc C:\Users\Админ\AppData\Local\arduino15\packages\arduino\hardware\sam\1.6.11\variants\arduino_due_x/libsam_sam3x8e_gcc_rel.a(pmc.o)
                0x00080a8c                pmc_enable_udpck
 .text.SystemInit
                0x00080a98       0x88 C:\Users\Админ\AppData\Local\arduino15\packages\arduino\hardware\sam\1.6.11\variants\arduino_due_x/libsam_sam3x8e_gcc_rel.a(system_sam3xa.o)
                0x00080a98                SystemInit
 .text.Reset_Handler
                0x00080b20       0x78 C:\Users\Админ\AppData\Local\arduino15\packages\arduino\hardware\sam\1.6.11\variants\arduino_due_x/libsam_sam3x8e_gcc_rel.a(startup_sam3xa.o)
                0x00080b20                Reset_Handler
 .text.adc_init
                0x00080b98       0x98 C:\Users\Админ\AppData\Local\arduino15\packages\arduino\hardware\sam\1.6.11\variants\arduino_due_x/libsam_sam3x8e_gcc_rel.a(adc.o)
                0x00080b98                adc_init
 .text.adc_configure_trigger
                0x00080c30        0xe C:\Users\Админ\AppData\Local\arduino15\packages\arduino\hardware\sam\1.6.11\variants\arduino_due_x/libsam_sam3x8e_gcc_rel.a(adc.o)
                0x00080c30                adc_configure_trigger
 .text.adc_configure_timing
                0x00080c3e       0x1a C:\Users\Админ\AppData\Local\arduino15\packages\arduino\hardware\sam\1.6.11\variants\arduino_due_x/libsam_sam3x8e_gcc_rel.a(adc.o)
                0x00080c3e                adc_configure_timing
 .text.adc_disable_channel
                0x00080c58        0xa C:\Users\Админ\AppData\Local\arduino15\packages\arduino\hardware\sam\1.6.11\variants\arduino_due_x/libsam_sam3x8e_gcc_rel.a(adc.o)
                0x00080c58                adc_disable_channel
 .text.adc_disable_all_channel
                0x00080c62        0x8 C:\Users\Админ\AppData\Local\arduino15\packages\arduino\hardware\sam\1.6.11\variants\arduino_due_x/libsam_sam3x8e_gcc_rel.a(adc.o)
                0x00080c62                adc_disable_all_channel
 .text.adc_disable_interrupt
                0x00080c6a        0x4 C:\Users\Админ\AppData\Local\arduino15\packages\arduino\hardware\sam\1.6.11\variants\arduino_due_x/libsam_sam3x8e_gcc_rel.a(adc.o)
                0x00080c6a                adc_disable_interrupt
 *fill*         0x00080c6e        0x2 
 .text.UOTGHS_Handler
                0x00080c70       0x10 C:\Users\Админ\AppData\Local\arduino15\packages\arduino\hardware\sam\1.6.11\variants\arduino_due_x/libsam_sam3x8e_gcc_rel.a(uotghs.o)
                0x00080c70                UOTGHS_Handler
 .text.__halt   0x00080c80        0x2 C:\Users\Админ\AppData\Local\Temp\VMBuilds\ard_universal_maket\arduino_due_x_dbg\Debug/core.a(cortex_handlers.c.o)
                0x00080c80                DACC_Handler
                0x00080c80                DebugMon_Handler
                0x00080c80                DMAC_Handler
                0x00080c80                TRNG_Handler
                0x00080c80                HardFault_Handler
                0x00080c80                TC2_Handler
                0x00080c80                TWI1_Handler
                0x00080c80                NMI_Handler
                0x00080c80                TC7_Handler
                0x00080c80                ADC_Handler
                0x00080c80                SMC_Handler
                0x00080c80                RTT_Handler
                0x00080c80                EFC1_Handler
                0x00080c80                PIOB_Handler
                0x00080c80                RTC_Handler
                0x00080c80                UsageFault_Handler
                0x00080c80                TC6_Handler
                0x00080c80                WDT_Handler
                0x00080c80                CAN0_Handler
                0x00080c80                TC4_Handler
                0x00080c80                TC1_Handler
                0x00080c80                HSMCI_Handler
                0x00080c80                TC3_Handler
                0x00080c80                TWI0_Handler
                0x00080c80                PIOA_Handler
                0x00080c80                SSC_Handler
                0x00080c80                EFC0_Handler
                0x00080c80                PMC_Handler
                0x00080c80                PWM_Handler
                0x00080c80                CAN1_Handler
                0x00080c80                MemManage_Handler
                0x00080c80                SUPC_Handler
                0x00080c80                TC8_Handler
                0x00080c80                USART2_Handler
                0x00080c80                PIOD_Handler
                0x00080c80                EMAC_Handler
                0x00080c80                PIOC_Handler
                0x00080c80                BusFault_Handler
                0x00080c80                RSTC_Handler
                0x00080c80                TC0_Handler
                0x00080c80                TC5_Handler
                0x00080c80                SPI0_Handler
 .text.SVC_Handler
                0x00080c82        0x4 C:\Users\Админ\AppData\Local\Temp\VMBuilds\ard_universal_maket\arduino_due_x_dbg\Debug/core.a(cortex_handlers.c.o)
                0x00080c82                SVC_Handler
 .text.PendSV_Handler
                0x00080c86        0x4 C:\Users\Админ\AppData\Local\Temp\VMBuilds\ard_universal_maket\arduino_due_x_dbg\Debug/core.a(cortex_handlers.c.o)
                0x00080c86                PendSV_Handler
 .text.SysTick_Handler
                0x00080c8a       0x16 C:\Users\Админ\AppData\Local\Temp\VMBuilds\ard_universal_maket\arduino_due_x_dbg\Debug/core.a(cortex_handlers.c.o)
                0x00080c8a                SysTick_Handler
 .text.__empty  0x00080ca0        0x2 C:\Users\Админ\AppData\Local\Temp\VMBuilds\ard_universal_maket\arduino_due_x_dbg\Debug/core.a(hooks.c.o)
                0x00080ca0                yield
 .text.__false  0x00080ca2        0x4 C:\Users\Админ\AppData\Local\Temp\VMBuilds\ard_universal_maket\arduino_due_x_dbg\Debug/core.a(hooks.c.o)
                0x00080ca2                sysTickHook
 .text.__halt   0x00080ca6        0x2 C:\Users\Админ\AppData\Local\Temp\VMBuilds\ard_universal_maket\arduino_due_x_dbg\Debug/core.a(hooks.c.o)
                0x00080ca6                svcHook
                0x00080ca6                pendSVHook
 .text._sbrk    0x00080ca8       0x1c C:\Users\Админ\AppData\Local\Temp\VMBuilds\ard_universal_maket\arduino_due_x_dbg\Debug/core.a(syscalls_sam3.c.o)
                0x00080ca8                _sbrk
 .text.link     0x00080cc4        0x6 C:\Users\Админ\AppData\Local\Temp\VMBuilds\ard_universal_maket\arduino_due_x_dbg\Debug/core.a(syscalls_sam3.c.o)
                0x00080cc4                link
 .text._close   0x00080cca        0x6 C:\Users\Админ\AppData\Local\Temp\VMBuilds\ard_universal_maket\arduino_due_x_dbg\Debug/core.a(syscalls_sam3.c.o)
                0x00080cca                _close
 .text._fstat   0x00080cd0        0xa C:\Users\Админ\AppData\Local\Temp\VMBuilds\ard_universal_maket\arduino_due_x_dbg\Debug/core.a(syscalls_sam3.c.o)
                0x00080cd0                _fstat
 .text._isatty  0x00080cda        0x4 C:\Users\Админ\AppData\Local\Temp\VMBuilds\ard_universal_maket\arduino_due_x_dbg\Debug/core.a(syscalls_sam3.c.o)
                0x00080cda                _isatty
 .text._lseek   0x00080cde        0x4 C:\Users\Админ\AppData\Local\Temp\VMBuilds\ard_universal_maket\arduino_due_x_dbg\Debug/core.a(syscalls_sam3.c.o)
                0x00080cde                _lseek
 .text._read    0x00080ce2        0x4 C:\Users\Админ\AppData\Local\Temp\VMBuilds\ard_universal_maket\arduino_due_x_dbg\Debug/core.a(syscalls_sam3.c.o)
                0x00080ce2                _read
 *fill*         0x00080ce6        0x2 
 .text._write   0x00080ce8       0x24 C:\Users\Админ\AppData\Local\Temp\VMBuilds\ard_universal_maket\arduino_due_x_dbg\Debug/core.a(syscalls_sam3.c.o)
                0x00080ce8                _write
 .text._exit    0x00080d0c       0x10 C:\Users\Админ\AppData\Local\Temp\VMBuilds\ard_universal_maket\arduino_due_x_dbg\Debug/core.a(syscalls_sam3.c.o)
                0x00080d0c                _exit
 .text._kill    0x00080d1c        0x2 C:\Users\Админ\AppData\Local\Temp\VMBuilds\ard_universal_maket\arduino_due_x_dbg\Debug/core.a(syscalls_sam3.c.o)
                0x00080d1c                _kill
 .text._getpid  0x00080d1e        0x6 C:\Users\Админ\AppData\Local\Temp\VMBuilds\ard_universal_maket\arduino_due_x_dbg\Debug/core.a(syscalls_sam3.c.o)
                0x00080d1e                _getpid
 .text.millis   0x00080d24        0x4 C:\Users\Админ\AppData\Local\Temp\VMBuilds\ard_universal_maket\arduino_due_x_dbg\Debug/core.a(wiring.c.o)
                0x00080d24                millis
 .text.delay    0x00080d28       0x1c C:\Users\Админ\AppData\Local\Temp\VMBuilds\ard_universal_maket\arduino_due_x_dbg\Debug/core.a(wiring.c.o)
                0x00080d28                delay
 .text.analogOutputInit
                0x00080d44        0x2 C:\Users\Админ\AppData\Local\Temp\VMBuilds\ard_universal_maket\arduino_due_x_dbg\Debug/core.a(wiring_analog.c.o)
                0x00080d44                analogOutputInit
 *fill*         0x00080d46        0x2 
 .text.pinMode  0x00080d48      0x108 C:\Users\Админ\AppData\Local\Temp\VMBuilds\ard_universal_maket\arduino_due_x_dbg\Debug/core.a(wiring_digital.c.o)
                0x00080d48                pinMode
 .text.digitalWrite
                0x00080e50       0x70 C:\Users\Админ\AppData\Local\Temp\VMBuilds\ard_universal_maket\arduino_due_x_dbg\Debug/core.a(wiring_digital.c.o)
                0x00080e50                digitalWrite
 .text.initVariant
                0x00080ec0        0x2 C:\Users\Админ\AppData\Local\Temp\VMBuilds\ard_universal_maket\arduino_due_x_dbg\Debug/core.a(main.cpp.o)
                0x00080ec0                initVariant
 *fill*         0x00080ec2        0x2 
 .text.startup.main
                0x00080ec4       0x38 C:\Users\Админ\AppData\Local\Temp\VMBuilds\ard_universal_maket\arduino_due_x_dbg\Debug/core.a(main.cpp.o)
                0x00080ec4                main
 .text._Znaj    0x00080efc        0x4 C:\Users\Админ\AppData\Local\Temp\VMBuilds\ard_universal_maket\arduino_due_x_dbg\Debug/core.a(new.cpp.o)
                0x00080efc                operator new[](unsigned int)
 .text._ZdlPv   0x00080f00        0x4 C:\Users\Админ\AppData\Local\Temp\VMBuilds\ard_universal_maket\arduino_due_x_dbg\Debug/core.a(new.cpp.o)
                0x00080f00                operator delete(void*)
 .text._ZN5Print5writeEPKhj
                0x00080f04       0x22 C:\Users\Админ\AppData\Local\Temp\VMBuilds\ard_universal_maket\arduino_due_x_dbg\Debug/core.a(Print.cpp.o)
                0x00080f04                Print::write(unsigned char const*, unsigned int)
 .text._ZN5Print5printEmi.part.3
                0x00080f26        0xc C:\Users\Админ\AppData\Local\Temp\VMBuilds\ard_universal_maket\arduino_due_x_dbg\Debug/core.a(Print.cpp.o)
 .text._ZN5Print5writeEPKc
                0x00080f32       0x1e C:\Users\Админ\AppData\Local\Temp\VMBuilds\ard_universal_maket\arduino_due_x_dbg\Debug/core.a(Print.cpp.o)
                0x00080f32                Print::write(char const*)
 .text._ZN5Print5printEPKc
                0x00080f50        0x8 C:\Users\Админ\AppData\Local\Temp\VMBuilds\ard_universal_maket\arduino_due_x_dbg\Debug/core.a(Print.cpp.o)
                0x00080f50                Print::print(char const*)
 .text._ZN5Print5printEc
                0x00080f58        0xa C:\Users\Админ\AppData\Local\Temp\VMBuilds\ard_universal_maket\arduino_due_x_dbg\Debug/core.a(Print.cpp.o)
                0x00080f58                Print::print(char)
 *fill*         0x00080f62        0x2 
 .text._ZN5Print7printlnEv
                0x00080f64       0x10 C:\Users\Админ\AppData\Local\Temp\VMBuilds\ard_universal_maket\arduino_due_x_dbg\Debug/core.a(Print.cpp.o)
                0x00080f64                Print::println()
 .text._ZN5Print7printlnEPKc
                0x00080f74       0x14 C:\Users\Админ\AppData\Local\Temp\VMBuilds\ard_universal_maket\arduino_due_x_dbg\Debug/core.a(Print.cpp.o)
                0x00080f74                Print::println(char const*)
 .text._ZN5Print11printNumberEmh
                0x00080f88       0x3e C:\Users\Админ\AppData\Local\Temp\VMBuilds\ard_universal_maket\arduino_due_x_dbg\Debug/core.a(Print.cpp.o)
                0x00080f88                Print::printNumber(unsigned long, unsigned char)
 .text._ZN5Print5printEli
                0x00080fc6       0x3c C:\Users\Админ\AppData\Local\Temp\VMBuilds\ard_universal_maket\arduino_due_x_dbg\Debug/core.a(Print.cpp.o)
                0x00080fc6                Print::print(long, int)
 .text._ZN5Print5printEii
                0x00081002        0x4 C:\Users\Админ\AppData\Local\Temp\VMBuilds\ard_universal_maket\arduino_due_x_dbg\Debug/core.a(Print.cpp.o)
                0x00081002                Print::print(int, int)
 .text._ZN5Print5printEmi
                0x00081006        0xc C:\Users\Админ\AppData\Local\Temp\VMBuilds\ard_universal_maket\arduino_due_x_dbg\Debug/core.a(Print.cpp.o)
                0x00081006                Print::print(unsigned long, int)
 .text._ZN5Print5printEhi
                0x00081012        0x4 C:\Users\Админ\AppData\Local\Temp\VMBuilds\ard_universal_maket\arduino_due_x_dbg\Debug/core.a(Print.cpp.o)
                0x00081012                Print::print(unsigned char, int)
 *fill*         0x00081016        0x2 
 .text.initiateReset
                0x00081018        0xc C:\Users\Админ\AppData\Local\Temp\VMBuilds\ard_universal_maket\arduino_due_x_dbg\Debug/core.a(Reset.cpp.o)
                0x00081018                initiateReset
 .text.cancelReset
                0x00081024       0x10 C:\Users\Админ\AppData\Local\Temp\VMBuilds\ard_universal_maket\arduino_due_x_dbg\Debug/core.a(Reset.cpp.o)
                0x00081024                cancelReset
 .text.tickReset
                0x00081034       0x20 C:\Users\Админ\AppData\Local\Temp\VMBuilds\ard_universal_maket\arduino_due_x_dbg\Debug/core.a(Reset.cpp.o)
                0x00081034                tickReset
 .text._ZN10RingBufferC2Ev
                0x00081054       0x1a C:\Users\Админ\AppData\Local\Temp\VMBuilds\ard_universal_maket\arduino_due_x_dbg\Debug/core.a(RingBuffer.cpp.o)
                0x00081054                RingBuffer::RingBuffer()
                0x00081054                RingBuffer::RingBuffer()
 .text._ZN10RingBuffer10store_charEh
                0x0008106e       0x1e C:\Users\Админ\AppData\Local\Temp\VMBuilds\ard_universal_maket\arduino_due_x_dbg\Debug/core.a(RingBuffer.cpp.o)
                0x0008106e                RingBuffer::store_char(unsigned char)
 .text._ZN9UARTClasscvbEv
                0x0008108c        0x4 C:\Users\Админ\AppData\Local\Temp\VMBuilds\ard_universal_maket\arduino_due_x_dbg\Debug/core.a(UARTClass.cpp.o)
                0x0008108c                UARTClass::operator bool()
 .text._ZN9UARTClass9availableEv
                0x00081090       0x12 C:\Users\Админ\AppData\Local\Temp\VMBuilds\ard_universal_maket\arduino_due_x_dbg\Debug/core.a(UARTClass.cpp.o)
                0x00081090                UARTClass::available()
 .text._ZN9UARTClass4peekEv
                0x000810a2       0x1c C:\Users\Админ\AppData\Local\Temp\VMBuilds\ard_universal_maket\arduino_due_x_dbg\Debug/core.a(UARTClass.cpp.o)
                0x000810a2                UARTClass::peek()
 .text._ZN9UARTClass4readEv
                0x000810be       0x2a C:\Users\Админ\AppData\Local\Temp\VMBuilds\ard_universal_maket\arduino_due_x_dbg\Debug/core.a(UARTClass.cpp.o)
                0x000810be                UARTClass::read()
 .text._ZN9UARTClass5flushEv
                0x000810e8       0x18 C:\Users\Админ\AppData\Local\Temp\VMBuilds\ard_universal_maket\arduino_due_x_dbg\Debug/core.a(UARTClass.cpp.o)
                0x000810e8                UARTClass::flush()
 .text._ZN9UARTClass5writeEh
                0x00081100       0x54 C:\Users\Админ\AppData\Local\Temp\VMBuilds\ard_universal_maket\arduino_due_x_dbg\Debug/core.a(UARTClass.cpp.o)
                0x00081100                UARTClass::write(unsigned char)
 .text._ZN9UARTClass3endEv
                0x00081154       0x3c C:\Users\Админ\AppData\Local\Temp\VMBuilds\ard_universal_maket\arduino_due_x_dbg\Debug/core.a(UARTClass.cpp.o)
                0x00081154                UARTClass::end()
 .text._ZN9UARTClassC2EP4Uart4IRQnmP10RingBufferS4_
                0x00081190       0x24 C:\Users\Админ\AppData\Local\Temp\VMBuilds\ard_universal_maket\arduino_due_x_dbg\Debug/core.a(UARTClass.cpp.o)
                0x00081190                UARTClass::UARTClass(Uart*, IRQn, unsigned long, RingBuffer*, RingBuffer*)
                0x00081190                UARTClass::UARTClass(Uart*, IRQn, unsigned long, RingBuffer*, RingBuffer*)
 .text._ZN9UARTClass4initEmm
                0x000811b4       0x70 C:\Users\Админ\AppData\Local\Temp\VMBuilds\ard_universal_maket\arduino_due_x_dbg\Debug/core.a(UARTClass.cpp.o)
                0x000811b4                UARTClass::init(unsigned long, unsigned long)
 .text._ZN9UARTClass5beginEm
                0x00081224        0x8 C:\Users\Админ\AppData\Local\Temp\VMBuilds\ard_universal_maket\arduino_due_x_dbg\Debug/core.a(UARTClass.cpp.o)
                0x00081224                UARTClass::begin(unsigned long)
 .text._ZN9UARTClass10IrqHandlerEv
                0x0008122c       0x5a C:\Users\Админ\AppData\Local\Temp\VMBuilds\ard_universal_maket\arduino_due_x_dbg\Debug/core.a(UARTClass.cpp.o)
                0x0008122c                UARTClass::IrqHandler()
 .text._ZN10USARTClass5beginEm
                0x00081286        0x8 C:\Users\Админ\AppData\Local\Temp\VMBuilds\ard_universal_maket\arduino_due_x_dbg\Debug/core.a(USARTClass.cpp.o)
                0x00081286                USARTClass::begin(unsigned long)
 *fill*         0x0008128e        0x2 
 .text._ZN10USARTClassC2EP5Usart4IRQnmP10RingBufferS4_
                0x00081290       0x24 C:\Users\Админ\AppData\Local\Temp\VMBuilds\ard_universal_maket\arduino_due_x_dbg\Debug/core.a(USARTClass.cpp.o)
                0x00081290                USARTClass::USARTClass(Usart*, IRQn, unsigned long, RingBuffer*, RingBuffer*)
                0x00081290                USARTClass::USARTClass(Usart*, IRQn, unsigned long, RingBuffer*, RingBuffer*)
 .text._watchdogDefaultSetup
                0x000812b4        0xc C:\Users\Админ\AppData\Local\Temp\VMBuilds\ard_universal_maket\arduino_due_x_dbg\Debug/core.a(watchdog.cpp.o)
                0x000812b4                _watchdogDefaultSetup
                0x000812b4                watchdogSetup()
 .text.unlikely._ZL11USB_SendZlpv
                0x000812c0       0x20 C:\Users\Админ\AppData\Local\Temp\VMBuilds\ard_universal_maket\arduino_due_x_dbg\Debug/core.a(USBCore.cpp.o)
 .text._Z14USBD_Availablem
                0x000812e0       0x2c C:\Users\Админ\AppData\Local\Temp\VMBuilds\ard_universal_maket\arduino_due_x_dbg\Debug/core.a(USBCore.cpp.o)
                0x000812e0                USBD_Available(unsigned long)
 .text._Z9USBD_RecvmPvm
                0x0008130c       0x7c C:\Users\Админ\AppData\Local\Temp\VMBuilds\ard_universal_maket\arduino_due_x_dbg\Debug/core.a(USBCore.cpp.o)
                0x0008130c                USBD_Recv(unsigned long, void*, unsigned long)
 .text._Z9USBD_Recvm
                0x00081388       0x22 C:\Users\Админ\AppData\Local\Temp\VMBuilds\ard_universal_maket\arduino_due_x_dbg\Debug/core.a(USBCore.cpp.o)
                0x00081388                USBD_Recv(unsigned long)
 *fill*         0x000813aa        0x2 
 .text._Z9USBD_SendmPKvm
                0x000813ac       0x4c C:\Users\Админ\AppData\Local\Temp\VMBuilds\ard_universal_maket\arduino_due_x_dbg\Debug/core.a(USBCore.cpp.o)
                0x000813ac                USBD_Send(unsigned long, void const*, unsigned long)
 .text._Z16USBD_SendControlhPKvm
                0x000813f8       0x40 C:\Users\Админ\AppData\Local\Temp\VMBuilds\ard_universal_maket\arduino_due_x_dbg\Debug/core.a(USBCore.cpp.o)
                0x000813f8                USBD_SendControl(unsigned char, void const*, unsigned long)
 .text.unlikely._ZL24USB_SendStringDescriptorPKhi
                0x00081438       0x64 C:\Users\Админ\AppData\Local\Temp\VMBuilds\ard_universal_maket\arduino_due_x_dbg\Debug/core.a(USBCore.cpp.o)
 .text._Z16USBD_RecvControlPvm
                0x0008149c       0x1c C:\Users\Админ\AppData\Local\Temp\VMBuilds\ard_universal_maket\arduino_due_x_dbg\Debug/core.a(USBCore.cpp.o)
                0x0008149c                USBD_RecvControl(void*, unsigned long)
 .text._Z26USBD_ClassInterfaceRequestR8USBSetup
                0x000814b8       0x1e C:\Users\Админ\AppData\Local\Temp\VMBuilds\ard_universal_maket\arduino_due_x_dbg\Debug/core.a(USBCore.cpp.o)
                0x000814b8                USBD_ClassInterfaceRequest(USBSetup&)
 .text._Z19USBD_SendInterfacesv
                0x000814d6       0x22 C:\Users\Админ\AppData\Local\Temp\VMBuilds\ard_universal_maket\arduino_due_x_dbg\Debug/core.a(USBCore.cpp.o)
                0x000814d6                USBD_SendInterfaces()
 .text._Z24USBD_SendOtherInterfacesv
                0x000814f8       0x22 C:\Users\Админ\AppData\Local\Temp\VMBuilds\ard_universal_maket\arduino_due_x_dbg\Debug/core.a(USBCore.cpp.o)
                0x000814f8                USBD_SendOtherInterfaces()
 .text._Z10USBD_Flushm
                0x0008151a       0x16 C:\Users\Админ\AppData\Local\Temp\VMBuilds\ard_universal_maket\arduino_due_x_dbg\Debug/core.a(USBCore.cpp.o)
                0x0008151a                USBD_Flush(unsigned long)
 .text._ZN10USBDevice_C2Ev
                0x00081530       0x24 C:\Users\Админ\AppData\Local\Temp\VMBuilds\ard_universal_maket\arduino_due_x_dbg\Debug/core.a(USBCore.cpp.o)
                0x00081530                USBDevice_::USBDevice_()
                0x00081530                USBDevice_::USBDevice_()
 .text._ZN10USBDevice_6attachEv
                0x00081554       0x20 C:\Users\Админ\AppData\Local\Temp\VMBuilds\ard_universal_maket\arduino_due_x_dbg\Debug/core.a(USBCore.cpp.o)
                0x00081554                USBDevice_::attach()
 .text.startup._GLOBAL__sub_I_EndPoints
                0x00081574        0xc C:\Users\Админ\AppData\Local\Temp\VMBuilds\ard_universal_maket\arduino_due_x_dbg\Debug/core.a(USBCore.cpp.o)
 .text._ZL7USB_ISRv
                0x00081580      0x454 C:\Users\Админ\AppData\Local\Temp\VMBuilds\ard_universal_maket\arduino_due_x_dbg\Debug/core.a(USBCore.cpp.o)
 .text._ZN7Serial_9availableEv
                0x000819d4       0x18 C:\Users\Админ\AppData\Local\Temp\VMBuilds\ard_universal_maket\arduino_due_x_dbg\Debug/core.a(CDC.cpp.o)
                0x000819d4                Serial_::available()
 .text._ZN7Serial_17availableForWriteEv
                0x000819ec        0x6 C:\Users\Админ\AppData\Local\Temp\VMBuilds\ard_universal_maket\arduino_due_x_dbg\Debug/core.a(CDC.cpp.o)
                0x000819ec                Serial_::availableForWrite()
 *fill*         0x000819f2        0x2 
 .text._ZN7Serial_4peekEv
                0x000819f4       0x20 C:\Users\Админ\AppData\Local\Temp\VMBuilds\ard_universal_maket\arduino_due_x_dbg\Debug/core.a(CDC.cpp.o)
                0x000819f4                Serial_::peek()
 .text._ZN7Serial_5writeEh
                0x00081a14       0x16 C:\Users\Админ\AppData\Local\Temp\VMBuilds\ard_universal_maket\arduino_due_x_dbg\Debug/core.a(CDC.cpp.o)
                0x00081a14                Serial_::write(unsigned char)
 *fill*         0x00081a2a        0x2 
 .text._ZN7Serial_4readEv
                0x00081a2c       0x44 C:\Users\Админ\AppData\Local\Temp\VMBuilds\ard_universal_maket\arduino_due_x_dbg\Debug/core.a(CDC.cpp.o)
                0x00081a2c                Serial_::read()
 .text._ZN7Serial_5flushEv
                0x00081a70        0x6 C:\Users\Админ\AppData\Local\Temp\VMBuilds\ard_universal_maket\arduino_due_x_dbg\Debug/core.a(CDC.cpp.o)
                0x00081a70                Serial_::flush()
 *fill*         0x00081a76        0x2 
 .text._ZN7Serial_6acceptEv
                0x00081a78       0x70 C:\Users\Админ\AppData\Local\Temp\VMBuilds\ard_universal_maket\arduino_due_x_dbg\Debug/core.a(CDC.cpp.o)
                0x00081a78                Serial_::accept()
 .text._ZN7Serial_5writeEPKhj
                0x00081ae8       0x2c C:\Users\Админ\AppData\Local\Temp\VMBuilds\ard_universal_maket\arduino_due_x_dbg\Debug/core.a(CDC.cpp.o)
                0x00081ae8                Serial_::write(unsigned char const*, unsigned int)
 .text._Z16CDC_GetInterfacePh
                0x00081b14       0x14 C:\Users\Админ\AppData\Local\Temp\VMBuilds\ard_universal_maket\arduino_due_x_dbg\Debug/core.a(CDC.cpp.o)
                0x00081b14                CDC_GetInterface(unsigned char*)
 .text._Z21CDC_GetOtherInterfacePh
                0x00081b28       0x14 C:\Users\Админ\AppData\Local\Temp\VMBuilds\ard_universal_maket\arduino_due_x_dbg\Debug/core.a(CDC.cpp.o)
                0x00081b28                CDC_GetOtherInterface(unsigned char*)
 .text._Z9CDC_SetupR8USBSetup
                0x00081b3c       0x78 C:\Users\Админ\AppData\Local\Temp\VMBuilds\ard_universal_maket\arduino_due_x_dbg\Debug/core.a(CDC.cpp.o)
                0x00081b3c                CDC_Setup(USBSetup&)
 .text.startup._GLOBAL__sub_I_cdc_rx_buffer
                0x00081bb4       0x1c C:\Users\Админ\AppData\Local\Temp\VMBuilds\ard_universal_maket\arduino_due_x_dbg\Debug/core.a(CDC.cpp.o)
 .text._ZN13PluggableUSB_12getInterfaceEPh
                0x00081bd0       0x28 C:\Users\Админ\AppData\Local\Temp\VMBuilds\ard_universal_maket\arduino_due_x_dbg\Debug/core.a(PluggableUSB.cpp.o)
                0x00081bd0                PluggableUSB_::getInterface(unsigned char*)
 .text._ZN13PluggableUSB_13getDescriptorER8USBSetup
                0x00081bf8       0x1c C:\Users\Админ\AppData\Local\Temp\VMBuilds\ard_universal_maket\arduino_due_x_dbg\Debug/core.a(PluggableUSB.cpp.o)
                0x00081bf8                PluggableUSB_::getDescriptor(USBSetup&)
 .text._ZN13PluggableUSB_12getShortNameEPc
                0x00081c14       0x1c C:\Users\Админ\AppData\Local\Temp\VMBuilds\ard_universal_maket\arduino_due_x_dbg\Debug/core.a(PluggableUSB.cpp.o)
                0x00081c14                PluggableUSB_::getShortName(char*)
 .text._ZN13PluggableUSB_5setupER8USBSetup
                0x00081c30       0x20 C:\Users\Админ\AppData\Local\Temp\VMBuilds\ard_universal_maket\arduino_due_x_dbg\Debug/core.a(PluggableUSB.cpp.o)
                0x00081c30                PluggableUSB_::setup(USBSetup&)
 .text._Z12PluggableUSBv
                0x00081c50       0x28 C:\Users\Админ\AppData\Local\Temp\VMBuilds\ard_universal_maket\arduino_due_x_dbg\Debug/core.a(PluggableUSB.cpp.o)
                0x00081c50                PluggableUSB()
 .text.TimeTick_Increment
                0x00081c78       0x10 C:\Users\Админ\AppData\Local\arduino15\packages\arduino\hardware\sam\1.6.11\variants\arduino_due_x/libsam_sam3x8e_gcc_rel.a(timetick.o)
                0x00081c78                TimeTick_Increment
 .text.GetTickCount
                0x00081c88        0xc C:\Users\Админ\AppData\Local\arduino15\packages\arduino\hardware\sam\1.6.11\variants\arduino_due_x/libsam_sam3x8e_gcc_rel.a(timetick.o)
                0x00081c88                GetTickCount
 .text.WDT_Disable
                0x00081c94        0x8 C:\Users\Админ\AppData\Local\arduino15\packages\arduino\hardware\sam\1.6.11\variants\arduino_due_x/libsam_sam3x8e_gcc_rel.a(wdt.o)
                0x00081c94                WDT_Disable
 .text.UDD_SetStack
                0x00081c9c        0xc C:\Users\Админ\AppData\Local\arduino15\packages\arduino\hardware\sam\1.6.11\variants\arduino_due_x/libsam_sam3x8e_gcc_rel.a(uotghs_device.o)
                0x00081c9c                UDD_SetStack
 .text.UDD_Init
                0x00081ca8       0xd0 C:\Users\Админ\AppData\Local\arduino15\packages\arduino\hardware\sam\1.6.11\variants\arduino_due_x/libsam_sam3x8e_gcc_rel.a(uotghs_device.o)
                0x00081ca8                UDD_Init
 .text.UDD_Attach
                0x00081d78       0x50 C:\Users\Админ\AppData\Local\arduino15\packages\arduino\hardware\sam\1.6.11\variants\arduino_due_x/libsam_sam3x8e_gcc_rel.a(uotghs_device.o)
                0x00081d78                UDD_Attach
 .text.UDD_InitEP
                0x00081dc8       0x2c C:\Users\Админ\AppData\Local\arduino15\packages\arduino\hardware\sam\1.6.11\variants\arduino_due_x/libsam_sam3x8e_gcc_rel.a(uotghs_device.o)
                0x00081dc8                UDD_InitEP
 .text.UDD_InitEndpoints
                0x00081df4       0x3c C:\Users\Админ\AppData\Local\arduino15\packages\arduino\hardware\sam\1.6.11\variants\arduino_due_x/libsam_sam3x8e_gcc_rel.a(uotghs_device.o)
                0x00081df4                UDD_InitEndpoints
 .text.UDD_WaitIN
                0x00081e30       0x10 C:\Users\Админ\AppData\Local\arduino15\packages\arduino\hardware\sam\1.6.11\variants\arduino_due_x/libsam_sam3x8e_gcc_rel.a(uotghs_device.o)
                0x00081e30                UDD_WaitIN
 .text.UDD_WaitOUT
                0x00081e40       0x10 C:\Users\Админ\AppData\Local\arduino15\packages\arduino\hardware\sam\1.6.11\variants\arduino_due_x/libsam_sam3x8e_gcc_rel.a(uotghs_device.o)
                0x00081e40                UDD_WaitOUT
 .text.UDD_ClearIN
                0x00081e50       0x18 C:\Users\Админ\AppData\Local\arduino15\packages\arduino\hardware\sam\1.6.11\variants\arduino_due_x/libsam_sam3x8e_gcc_rel.a(uotghs_device.o)
                0x00081e50                UDD_ClearIN
 .text.UDD_ClearOUT
                0x00081e68       0x18 C:\Users\Админ\AppData\Local\arduino15\packages\arduino\hardware\sam\1.6.11\variants\arduino_due_x/libsam_sam3x8e_gcc_rel.a(uotghs_device.o)
                0x00081e68                UDD_ClearOUT
 .text.UDD_ReceivedSetupInt
                0x00081e80       0x10 C:\Users\Админ\AppData\Local\arduino15\packages\arduino\hardware\sam\1.6.11\variants\arduino_due_x/libsam_sam3x8e_gcc_rel.a(uotghs_device.o)
                0x00081e80                UDD_ReceivedSetupInt
 .text.UDD_ClearSetupInt
                0x00081e90       0x10 C:\Users\Админ\AppData\Local\arduino15\packages\arduino\hardware\sam\1.6.11\variants\arduino_due_x/libsam_sam3x8e_gcc_rel.a(uotghs_device.o)
                0x00081e90                UDD_ClearSetupInt
 .text.UDD_Send
                0x00081ea0       0x88 C:\Users\Админ\AppData\Local\arduino15\packages\arduino\hardware\sam\1.6.11\variants\arduino_due_x/libsam_sam3x8e_gcc_rel.a(uotghs_device.o)
                0x00081ea0                UDD_Send
 .text.UDD_Send8
                0x00081f28       0x24 C:\Users\Админ\AppData\Local\arduino15\packages\arduino\hardware\sam\1.6.11\variants\arduino_due_x/libsam_sam3x8e_gcc_rel.a(uotghs_device.o)
                0x00081f28                UDD_Send8
 .text.UDD_Recv8
                0x00081f4c       0x28 C:\Users\Админ\AppData\Local\arduino15\packages\arduino\hardware\sam\1.6.11\variants\arduino_due_x/libsam_sam3x8e_gcc_rel.a(uotghs_device.o)
                0x00081f4c                UDD_Recv8
 .text.UDD_Recv
                0x00081f74       0x34 C:\Users\Админ\AppData\Local\arduino15\packages\arduino\hardware\sam\1.6.11\variants\arduino_due_x/libsam_sam3x8e_gcc_rel.a(uotghs_device.o)
                0x00081f74                UDD_Recv
 .text.UDD_Stall
                0x00081fa8       0x14 C:\Users\Админ\AppData\Local\arduino15\packages\arduino\hardware\sam\1.6.11\variants\arduino_due_x/libsam_sam3x8e_gcc_rel.a(uotghs_device.o)
                0x00081fa8                UDD_Stall
 .text.UDD_FifoByteCount
                0x00081fbc       0x14 C:\Users\Админ\AppData\Local\arduino15\packages\arduino\hardware\sam\1.6.11\variants\arduino_due_x/libsam_sam3x8e_gcc_rel.a(uotghs_device.o)
                0x00081fbc                UDD_FifoByteCount
 .text.UDD_ReleaseRX
                0x00081fd0       0x28 C:\Users\Админ\AppData\Local\arduino15\packages\arduino\hardware\sam\1.6.11\variants\arduino_due_x/libsam_sam3x8e_gcc_rel.a(uotghs_device.o)
                0x00081fd0                UDD_ReleaseRX
 .text.UDD_ReleaseTX
                0x00081ff8       0x28 C:\Users\Админ\AppData\Local\arduino15\packages\arduino\hardware\sam\1.6.11\variants\arduino_due_x/libsam_sam3x8e_gcc_rel.a(uotghs_device.o)
                0x00081ff8                UDD_ReleaseTX
 .text.UDD_SetAddress
                0x00082020       0x20 C:\Users\Админ\AppData\Local\arduino15\packages\arduino\hardware\sam\1.6.11\variants\arduino_due_x/libsam_sam3x8e_gcc_rel.a(uotghs_device.o)
                0x00082020                UDD_SetAddress
 .text.__libc_init_array
                0x00082040       0x50 c:/users/админ/appdata/local/arduino15/packages/arduino/tools/arm-none-eabi-gcc/4.8.3-2014q1/bin/../lib/gcc/arm-none-eabi/4.8.3/../../../../arm-none-eabi/lib/armv7-m\libg.a(lib_a-init.o)
                0x00082040                __libc_init_array
 .text.iprintf  0x00082090       0x28 c:/users/админ/appdata/local/arduino15/packages/arduino/tools/arm-none-eabi-gcc/4.8.3-2014q1/bin/../lib/gcc/arm-none-eabi/4.8.3/../../../../arm-none-eabi/lib/armv7-m\libg.a(lib_a-iprintf.o)
                0x00082090                iprintf
 .text.malloc   0x000820b8       0x10 c:/users/админ/appdata/local/arduino15/packages/arduino/tools/arm-none-eabi-gcc/4.8.3-2014q1/bin/../lib/gcc/arm-none-eabi/4.8.3/../../../../arm-none-eabi/lib/armv7-m\libg.a(lib_a-malloc.o)
                0x000820b8                malloc
 .text.free     0x000820c8       0x10 c:/users/админ/appdata/local/arduino15/packages/arduino/tools/arm-none-eabi-gcc/4.8.3-2014q1/bin/../lib/gcc/arm-none-eabi/4.8.3/../../../../arm-none-eabi/lib/armv7-m\libg.a(lib_a-malloc.o)
                0x000820c8                free
 .text._malloc_r
                0x000820d8      0x538 c:/users/админ/appdata/local/arduino15/packages/arduino/tools/arm-none-eabi-gcc/4.8.3-2014q1/bin/../lib/gcc/arm-none-eabi/4.8.3/../../../../arm-none-eabi/lib/armv7-m\libg.a(lib_a-mallocr.o)
                0x000820d8                _malloc_r
 .text.memset   0x00082610       0x94 c:/users/админ/appdata/local/arduino15/packages/arduino/tools/arm-none-eabi-gcc/4.8.3-2014q1/bin/../lib/gcc/arm-none-eabi/4.8.3/../../../../arm-none-eabi/lib/armv7-m\libg.a(lib_a-memset.o)
                0x00082610                memset
 .text.__malloc_lock
                0x000826a4        0x4 c:/users/админ/appdata/local/arduino15/packages/arduino/tools/arm-none-eabi-gcc/4.8.3-2014q1/bin/../lib/gcc/arm-none-eabi/4.8.3/../../../../arm-none-eabi/lib/armv7-m\libg.a(lib_a-mlock.o)
                0x000826a4                __malloc_lock
 .text.__malloc_unlock
                0x000826a8        0x4 c:/users/админ/appdata/local/arduino15/packages/arduino/tools/arm-none-eabi-gcc/4.8.3-2014q1/bin/../lib/gcc/arm-none-eabi/4.8.3/../../../../arm-none-eabi/lib/armv7-m\libg.a(lib_a-mlock.o)
                0x000826a8                __malloc_unlock
 .text._sbrk_r  0x000826ac       0x24 c:/users/админ/appdata/local/arduino15/packages/arduino/tools/arm-none-eabi-gcc/4.8.3-2014q1/bin/../lib/gcc/arm-none-eabi/4.8.3/../../../../arm-none-eabi/lib/armv7-m\libg.a(lib_a-sbrkr.o)
                0x000826ac                _sbrk_r
 .text.strlen   0x000826d0       0x60 c:/users/админ/appdata/local/arduino15/packages/arduino/tools/arm-none-eabi-gcc/4.8.3-2014q1/bin/../lib/gcc/arm-none-eabi/4.8.3/../../../../arm-none-eabi/lib/armv7-m\libg.a(lib_a-strlen.o)
                0x000826d0                strlen
 .text.kill     0x00082730       0x10 c:/users/админ/appdata/local/arduino15/packages/arduino/tools/arm-none-eabi-gcc/4.8.3-2014q1/bin/../lib/gcc/arm-none-eabi/4.8.3/../../../../arm-none-eabi/lib/armv7-m\libg.a(lib_a-syskill.o)
                0x00082730                kill
 .text.__sprint_r.part.0
                0x00082740       0x78 c:/users/админ/appdata/local/arduino15/packages/arduino/tools/arm-none-eabi-gcc/4.8.3-2014q1/bin/../lib/gcc/arm-none-eabi/4.8.3/../../../../arm-none-eabi/lib/armv7-m\libg.a(lib_a-vfiprintf.o)
 .text._vfiprintf_r
                0x000827b8      0xc54 c:/users/админ/appdata/local/arduino15/packages/arduino/tools/arm-none-eabi-gcc/4.8.3-2014q1/bin/../lib/gcc/arm-none-eabi/4.8.3/../../../../arm-none-eabi/lib/armv7-m\libg.a(lib_a-vfiprintf.o)
                0x000827b8                _vfiprintf_r
 .text.__sbprintf
                0x0008340c       0x7c c:/users/админ/appdata/local/arduino15/packages/arduino/tools/arm-none-eabi-gcc/4.8.3-2014q1/bin/../lib/gcc/arm-none-eabi/4.8.3/../../../../arm-none-eabi/lib/armv7-m\libg.a(lib_a-vfiprintf.o)
 .text.__swsetup_r
                0x00083488       0xc4 c:/users/админ/appdata/local/arduino15/packages/arduino/tools/arm-none-eabi-gcc/4.8.3-2014q1/bin/../lib/gcc/arm-none-eabi/4.8.3/../../../../arm-none-eabi/lib/armv7-m\libg.a(lib_a-wsetup.o)
                0x00083488                __swsetup_r
 .text.startup.register_fini
                0x0008354c       0x14 c:/users/админ/appdata/local/arduino15/packages/arduino/tools/arm-none-eabi-gcc/4.8.3-2014q1/bin/../lib/gcc/arm-none-eabi/4.8.3/../../../../arm-none-eabi/lib/armv7-m\libg.a(lib_a-__call_atexit.o)
 .text.__sflush_r
                0x00083560      0x148 c:/users/админ/appdata/local/arduino15/packages/arduino/tools/arm-none-eabi-gcc/4.8.3-2014q1/bin/../lib/gcc/arm-none-eabi/4.8.3/../../../../arm-none-eabi/lib/armv7-m\libg.a(lib_a-fflush.o)
                0x00083560                __sflush_r
 .text._fflush_r
                0x000836a8       0x2c c:/users/админ/appdata/local/arduino15/packages/arduino/tools/arm-none-eabi-gcc/4.8.3-2014q1/bin/../lib/gcc/arm-none-eabi/4.8.3/../../../../arm-none-eabi/lib/armv7-m\libg.a(lib_a-fflush.o)
                0x000836a8                _fflush_r
 .text._cleanup_r
                0x000836d4        0xc c:/users/админ/appdata/local/arduino15/packages/arduino/tools/arm-none-eabi-gcc/4.8.3-2014q1/bin/../lib/gcc/arm-none-eabi/4.8.3/../../../../arm-none-eabi/lib/armv7-m\libg.a(lib_a-findfp.o)
                0x000836d4                _cleanup_r
 .text.__sinit  0x000836e0       0xf4 c:/users/админ/appdata/local/arduino15/packages/arduino/tools/arm-none-eabi-gcc/4.8.3-2014q1/bin/../lib/gcc/arm-none-eabi/4.8.3/../../../../arm-none-eabi/lib/armv7-m\libg.a(lib_a-findfp.o)
                0x000836e0                __sinit
 .text.__sfp_lock_acquire
                0x000837d4        0x4 c:/users/админ/appdata/local/arduino15/packages/arduino/tools/arm-none-eabi-gcc/4.8.3-2014q1/bin/../lib/gcc/arm-none-eabi/4.8.3/../../../../arm-none-eabi/lib/armv7-m\libg.a(lib_a-findfp.o)
                0x000837d4                __sfp_lock_acquire
 .text.__sfp_lock_release
                0x000837d8        0x4 c:/users/админ/appdata/local/arduino15/packages/arduino/tools/arm-none-eabi-gcc/4.8.3-2014q1/bin/../lib/gcc/arm-none-eabi/4.8.3/../../../../arm-none-eabi/lib/armv7-m\libg.a(lib_a-findfp.o)
                0x000837d8                __sfp_lock_release
 .text.__libc_fini_array
                0x000837dc       0x30 c:/users/админ/appdata/local/arduino15/packages/arduino/tools/arm-none-eabi-gcc/4.8.3-2014q1/bin/../lib/gcc/arm-none-eabi/4.8.3/../../../../arm-none-eabi/lib/armv7-m\libg.a(lib_a-fini.o)
                0x000837dc                __libc_fini_array
 .text._fputwc_r
                0x0008380c       0xc0 c:/users/админ/appdata/local/arduino15/packages/arduino/tools/arm-none-eabi-gcc/4.8.3-2014q1/bin/../lib/gcc/arm-none-eabi/4.8.3/../../../../arm-none-eabi/lib/armv7-m\libg.a(lib_a-fputwc.o)
                0x0008380c                _fputwc_r
 .text._malloc_trim_r
                0x000838cc       0x9c c:/users/админ/appdata/local/arduino15/packages/arduino/tools/arm-none-eabi-gcc/4.8.3-2014q1/bin/../lib/gcc/arm-none-eabi/4.8.3/../../../../arm-none-eabi/lib/armv7-m\libg.a(lib_a-freer.o)
                0x000838cc                _malloc_trim_r
 .text._free_r  0x00083968      0x198 c:/users/админ/appdata/local/arduino15/packages/arduino/tools/arm-none-eabi-gcc/4.8.3-2014q1/bin/../lib/gcc/arm-none-eabi/4.8.3/../../../../arm-none-eabi/lib/armv7-m\libg.a(lib_a-freer.o)
                0x00083968                _free_r
 .text.__sfvwrite_r
                0x00083b00      0x314 c:/users/админ/appdata/local/arduino15/packages/arduino/tools/arm-none-eabi-gcc/4.8.3-2014q1/bin/../lib/gcc/arm-none-eabi/4.8.3/../../../../arm-none-eabi/lib/armv7-m\libg.a(lib_a-fvwrite.o)
                0x00083b00                __sfvwrite_r
 .text._fwalk   0x00083e14       0x48 c:/users/админ/appdata/local/arduino15/packages/arduino/tools/arm-none-eabi-gcc/4.8.3-2014q1/bin/../lib/gcc/arm-none-eabi/4.8.3/../../../../arm-none-eabi/lib/armv7-m\libg.a(lib_a-fwalk.o)
                0x00083e14                _fwalk
 .text.__locale_charset
                0x00083e5c        0x8 c:/users/админ/appdata/local/arduino15/packages/arduino/tools/arm-none-eabi-gcc/4.8.3-2014q1/bin/../lib/gcc/arm-none-eabi/4.8.3/../../../../arm-none-eabi/lib/armv7-m\libg.a(lib_a-locale.o)
                0x00083e5c                __locale_charset
 .text.__locale_mb_cur_max
                0x00083e64        0xc c:/users/админ/appdata/local/arduino15/packages/arduino/tools/arm-none-eabi-gcc/4.8.3-2014q1/bin/../lib/gcc/arm-none-eabi/4.8.3/../../../../arm-none-eabi/lib/armv7-m\libg.a(lib_a-locale.o)
                0x00083e64                __locale_mb_cur_max
 .text.__smakebuf_r
                0x00083e70       0xe0 c:/users/админ/appdata/local/arduino15/packages/arduino/tools/arm-none-eabi-gcc/4.8.3-2014q1/bin/../lib/gcc/arm-none-eabi/4.8.3/../../../../arm-none-eabi/lib/armv7-m\libg.a(lib_a-makebuf.o)
                0x00083e70                __smakebuf_r
 .text.memchr   0x00083f50       0x94 c:/users/админ/appdata/local/arduino15/packages/arduino/tools/arm-none-eabi-gcc/4.8.3-2014q1/bin/../lib/gcc/arm-none-eabi/4.8.3/../../../../arm-none-eabi/lib/armv7-m\libg.a(lib_a-memchr-stub.o)
                0x00083f50                memchr
 .text          0x00083fe4       0xec c:/users/админ/appdata/local/arduino15/packages/arduino/tools/arm-none-eabi-gcc/4.8.3-2014q1/bin/../lib/gcc/arm-none-eabi/4.8.3/../../../../arm-none-eabi/lib/armv7-m\libg.a(lib_a-memcpy.o)
                0x00083fe4                memcpy
 .text.memmove  0x000840d0       0xcc c:/users/админ/appdata/local/arduino15/packages/arduino/tools/arm-none-eabi-gcc/4.8.3-2014q1/bin/../lib/gcc/arm-none-eabi/4.8.3/../../../../arm-none-eabi/lib/armv7-m\libg.a(lib_a-memmove.o)
                0x000840d0                memmove
 .text._realloc_r
                0x0008419c      0x3c0 c:/users/админ/appdata/local/arduino15/packages/arduino/tools/arm-none-eabi-gcc/4.8.3-2014q1/bin/../lib/gcc/arm-none-eabi/4.8.3/../../../../arm-none-eabi/lib/armv7-m\libg.a(lib_a-reallocr.o)
                0x0008419c                _realloc_r
 .text._kill_r  0x0008455c       0x28 c:/users/админ/appdata/local/arduino15/packages/arduino/tools/arm-none-eabi-gcc/4.8.3-2014q1/bin/../lib/gcc/arm-none-eabi/4.8.3/../../../../arm-none-eabi/lib/armv7-m\libg.a(lib_a-signalr.o)
                0x0008455c                _kill_r
 .text.__sread  0x00084584       0x24 c:/users/админ/appdata/local/arduino15/packages/arduino/tools/arm-none-eabi-gcc/4.8.3-2014q1/bin/../lib/gcc/arm-none-eabi/4.8.3/../../../../arm-none-eabi/lib/armv7-m\libg.a(lib_a-stdio.o)
                0x00084584                __sread
 .text.__swrite
                0x000845a8       0x38 c:/users/админ/appdata/local/arduino15/packages/arduino/tools/arm-none-eabi-gcc/4.8.3-2014q1/bin/../lib/gcc/arm-none-eabi/4.8.3/../../../../arm-none-eabi/lib/armv7-m\libg.a(lib_a-stdio.o)
                0x000845a8                __swrite
 .text.__sseek  0x000845e0       0x20 c:/users/админ/appdata/local/arduino15/packages/arduino/tools/arm-none-eabi-gcc/4.8.3-2014q1/bin/../lib/gcc/arm-none-eabi/4.8.3/../../../../arm-none-eabi/lib/armv7-m\libg.a(lib_a-stdio.o)
                0x000845e0                __sseek
 .text.__sclose
                0x00084600        0x8 c:/users/админ/appdata/local/arduino15/packages/arduino/tools/arm-none-eabi-gcc/4.8.3-2014q1/bin/../lib/gcc/arm-none-eabi/4.8.3/../../../../arm-none-eabi/lib/armv7-m\libg.a(lib_a-stdio.o)
                0x00084600                __sclose
 .text.__swbuf_r
                0x00084608       0xa8 c:/users/админ/appdata/local/arduino15/packages/arduino/tools/arm-none-eabi-gcc/4.8.3-2014q1/bin/../lib/gcc/arm-none-eabi/4.8.3/../../../../arm-none-eabi/lib/armv7-m\libg.a(lib_a-wbuf.o)
                0x00084608                __swbuf_r
 .text._wcrtomb_r
                0x000846b0       0x50 c:/users/админ/appdata/local/arduino15/packages/arduino/tools/arm-none-eabi-gcc/4.8.3-2014q1/bin/../lib/gcc/arm-none-eabi/4.8.3/../../../../arm-none-eabi/lib/armv7-m\libg.a(lib_a-wcrtomb.o)
                0x000846b0                _wcrtomb_r
 .text.__ascii_wctomb
                0x00084700       0x1c c:/users/админ/appdata/local/arduino15/packages/arduino/tools/arm-none-eabi-gcc/4.8.3-2014q1/bin/../lib/gcc/arm-none-eabi/4.8.3/../../../../arm-none-eabi/lib/armv7-m\libg.a(lib_a-wctomb_r.o)
                0x00084700                __ascii_wctomb
 .text._write_r
                0x0008471c       0x28 c:/users/админ/appdata/local/arduino15/packages/arduino/tools/arm-none-eabi-gcc/4.8.3-2014q1/bin/../lib/gcc/arm-none-eabi/4.8.3/../../../../arm-none-eabi/lib/armv7-m\libg.a(lib_a-writer.o)
                0x0008471c                _write_r
 .text._close_r
                0x00084744       0x24 c:/users/админ/appdata/local/arduino15/packages/arduino/tools/arm-none-eabi-gcc/4.8.3-2014q1/bin/../lib/gcc/arm-none-eabi/4.8.3/../../../../arm-none-eabi/lib/armv7-m\libg.a(lib_a-closer.o)
                0x00084744                _close_r
 .text._fclose_r
                0x00084768       0x80 c:/users/админ/appdata/local/arduino15/packages/arduino/tools/arm-none-eabi-gcc/4.8.3-2014q1/bin/../lib/gcc/arm-none-eabi/4.8.3/../../../../arm-none-eabi/lib/armv7-m\libg.a(lib_a-fclose.o)
                0x00084768                _fclose_r
 .text.fclose   0x000847e8       0x10 c:/users/админ/appdata/local/arduino15/packages/arduino/tools/arm-none-eabi-gcc/4.8.3-2014q1/bin/../lib/gcc/arm-none-eabi/4.8.3/../../../../arm-none-eabi/lib/armv7-m\libg.a(lib_a-fclose.o)
                0x000847e8                fclose
 .text._fstat_r
                0x000847f8       0x28 c:/users/админ/appdata/local/arduino15/packages/arduino/tools/arm-none-eabi-gcc/4.8.3-2014q1/bin/../lib/gcc/arm-none-eabi/4.8.3/../../../../arm-none-eabi/lib/armv7-m\libg.a(lib_a-fstatr.o)
                0x000847f8                _fstat_r
 .text._isatty_r
                0x00084820       0x24 c:/users/админ/appdata/local/arduino15/packages/arduino/tools/arm-none-eabi-gcc/4.8.3-2014q1/bin/../lib/gcc/arm-none-eabi/4.8.3/../../../../arm-none-eabi/lib/armv7-m\libg.a(lib_a-isattyr.o)
                0x00084820                _isatty_r
 .text._lseek_r
                0x00084844       0x28 c:/users/админ/appdata/local/arduino15/packages/arduino/tools/arm-none-eabi-gcc/4.8.3-2014q1/bin/../lib/gcc/arm-none-eabi/4.8.3/../../../../arm-none-eabi/lib/armv7-m\libg.a(lib_a-lseekr.o)
                0x00084844                _lseek_r
 .text._read_r  0x0008486c       0x28 c:/users/админ/appdata/local/arduino15/packages/arduino/tools/arm-none-eabi-gcc/4.8.3-2014q1/bin/../lib/gcc/arm-none-eabi/4.8.3/../../../../arm-none-eabi/lib/armv7-m\libg.a(lib_a-readr.o)
                0x0008486c                _read_r
 .text          0x00084894       0x2c c:/users/админ/appdata/local/arduino15/packages/arduino/tools/arm-none-eabi-gcc/4.8.3-2014q1/bin/../lib/gcc/arm-none-eabi/4.8.3/armv7-m\libgcc.a(_aeabi_uldivmod.o)
                0x00084894                __aeabi_uldivmod
 .text          0x000848c0       0x60 c:/users/админ/appdata/local/arduino15/packages/arduino/tools/arm-none-eabi-gcc/4.8.3-2014q1/bin/../lib/gcc/arm-none-eabi/4.8.3/armv7-m\libgcc.a(bpabi.o)
                0x000848c0                __gnu_ldivmod_helper
                0x000848f0                __gnu_uldivmod_helper
 .text          0x00084920        0x4 c:/users/админ/appdata/local/arduino15/packages/arduino/tools/arm-none-eabi-gcc/4.8.3-2014q1/bin/../lib/gcc/arm-none-eabi/4.8.3/armv7-m\libgcc.a(_dvmd_tls.o)
                0x00084920                __aeabi_idiv0
                0x00084920                __aeabi_ldiv0
 .text          0x00084924      0x2a0 c:/users/админ/appdata/local/arduino15/packages/arduino/tools/arm-none-eabi-gcc/4.8.3-2014q1/bin/../lib/gcc/arm-none-eabi/4.8.3/armv7-m\libgcc.a(_divdi3.o)
                0x00084924                __divdi3
 .text          0x00084bc4      0x290 c:/users/админ/appdata/local/arduino15/packages/arduino/tools/arm-none-eabi-gcc/4.8.3-2014q1/bin/../lib/gcc/arm-none-eabi/4.8.3/armv7-m\libgcc.a(_udivdi3.o)
                0x00084bc4                __udivdi3
 *(.glue_7t)
 .glue_7t       0x00000000        0x0 linker stubs
 *(.glue_7)
 .glue_7        0x00000000        0x0 linker stubs
 *(.rodata .rodata* .gnu.linkonce.r.*)
 .rodata.str1.1
                0x00084e54       0x14 C:\Users\Админ\AppData\Local\Temp\VMBuilds\ard_universal_maket\arduino_due_x_dbg\Debug\ard_universal_maket.cpp.o
 .rodata.str1.1
                0x00084e68       0x6a C:\Users\Админ\AppData\Local\Temp\VMBuilds\ard_universal_maket\arduino_due_x_dbg\Debug\VM_DBG\VM_DBG.cpp.o
                                 0x6c (size before relaxing)
 *fill*         0x00084ed2        0x2 
 .rodata.g_APinDescription
                0x00084ed4      0xa2c C:\Users\Админ\AppData\Local\Temp\VMBuilds\ard_universal_maket\arduino_due_x_dbg\Debug\variant\variant.cpp.o
                0x00084ed4                g_APinDescription
 .rodata        0x00085900       0x40 C:\Users\Админ\AppData\Local\arduino15\packages\arduino\hardware\sam\1.6.11\variants\arduino_due_x/libsam_sam3x8e_gcc_rel.a(adc.o)
 .rodata.str1.1
                0x00085940       0x19 C:\Users\Админ\AppData\Local\Temp\VMBuilds\ard_universal_maket\arduino_due_x_dbg\Debug/core.a(syscalls_sam3.c.o)
 .rodata.str1.1
                0x00085959        0xc C:\Users\Админ\AppData\Local\Temp\VMBuilds\ard_universal_maket\arduino_due_x_dbg\Debug/core.a(Print.cpp.o)
                                  0xf (size before relaxing)
 *fill*         0x00085965        0x3 
 .rodata._ZTV9UARTClass
                0x00085968       0x30 C:\Users\Админ\AppData\Local\Temp\VMBuilds\ard_universal_maket\arduino_due_x_dbg\Debug/core.a(UARTClass.cpp.o)
                0x00085968                vtable for UARTClass
 .rodata._ZTV10USARTClass
                0x00085998       0x30 C:\Users\Админ\AppData\Local\Temp\VMBuilds\ard_universal_maket\arduino_due_x_dbg\Debug/core.a(USARTClass.cpp.o)
                0x00085998                vtable for USARTClass
 .rodata.STRING_PRODUCT
                0x000859c8        0xc C:\Users\Админ\AppData\Local\Temp\VMBuilds\ard_universal_maket\arduino_due_x_dbg\Debug/core.a(USBCore.cpp.o)
                0x000859c8                STRING_PRODUCT
 .rodata.USB_DeviceDescriptor
                0x000859d4       0x12 C:\Users\Админ\AppData\Local\Temp\VMBuilds\ard_universal_maket\arduino_due_x_dbg\Debug/core.a(USBCore.cpp.o)
                0x000859d4                USB_DeviceDescriptor
 .rodata.STRING_LANGUAGE
                0x000859e6        0x4 C:\Users\Админ\AppData\Local\Temp\VMBuilds\ard_universal_maket\arduino_due_x_dbg\Debug/core.a(USBCore.cpp.o)
                0x000859e6                STRING_LANGUAGE
 .rodata._ZL18test_packet_buffer
                0x000859ea       0x35 C:\Users\Админ\AppData\Local\Temp\VMBuilds\ard_universal_maket\arduino_due_x_dbg\Debug/core.a(USBCore.cpp.o)
 .rodata.STRING_MANUFACTURER
                0x00085a1f        0xc C:\Users\Админ\AppData\Local\Temp\VMBuilds\ard_universal_maket\arduino_due_x_dbg\Debug/core.a(USBCore.cpp.o)
                0x00085a1f                STRING_MANUFACTURER
 .rodata.USB_DeviceDescriptorA
                0x00085a2b       0x12 C:\Users\Админ\AppData\Local\Temp\VMBuilds\ard_universal_maket\arduino_due_x_dbg\Debug/core.a(USBCore.cpp.o)
                0x00085a2b                USB_DeviceDescriptorA
 .rodata._ZL19USB_DeviceQualifier
                0x00085a3d        0x9 C:\Users\Админ\AppData\Local\Temp\VMBuilds\ard_universal_maket\arduino_due_x_dbg\Debug/core.a(USBCore.cpp.o)
 *fill*         0x00085a46        0x2 
 .rodata._ZTV7Serial_
                0x00085a48       0x28 C:\Users\Админ\AppData\Local\Temp\VMBuilds\ard_universal_maket\arduino_due_x_dbg\Debug/core.a(CDC.cpp.o)
                0x00085a48                vtable for Serial_
 .rodata._ZL18_cdcOtherInterface
                0x00085a70       0x42 C:\Users\Админ\AppData\Local\Temp\VMBuilds\ard_universal_maket\arduino_due_x_dbg\Debug/core.a(CDC.cpp.o)
 .rodata._ZL13_cdcInterface
                0x00085ab2       0x42 C:\Users\Админ\AppData\Local\Temp\VMBuilds\ard_universal_maket\arduino_due_x_dbg\Debug/core.a(CDC.cpp.o)
 .rodata.str1.4
                0x00085af4        0x2 c:/users/админ/appdata/local/arduino15/packages/arduino/tools/arm-none-eabi-gcc/4.8.3-2014q1/bin/../lib/gcc/arm-none-eabi/4.8.3/../../../../arm-none-eabi/lib/armv7-m\libg.a(lib_a-impure.o)
                                  0x4 (size before relaxing)
 *fill*         0x00085af6        0x2 
 .rodata.blanks.6717
                0x00085af8       0x10 c:/users/админ/appdata/local/arduino15/packages/arduino/tools/arm-none-eabi-gcc/4.8.3-2014q1/bin/../lib/gcc/arm-none-eabi/4.8.3/../../../../arm-none-eabi/lib/armv7-m\libg.a(lib_a-vfiprintf.o)
 .rodata.str1.4
                0x00085b08       0x30 c:/users/админ/appdata/local/arduino15/packages/arduino/tools/arm-none-eabi-gcc/4.8.3-2014q1/bin/../lib/gcc/arm-none-eabi/4.8.3/../../../../arm-none-eabi/lib/armv7-m\libg.a(lib_a-vfiprintf.o)
 .rodata.zeroes.6718
                0x00085b38       0x10 c:/users/админ/appdata/local/arduino15/packages/arduino/tools/arm-none-eabi-gcc/4.8.3-2014q1/bin/../lib/gcc/arm-none-eabi/4.8.3/../../../../arm-none-eabi/lib/armv7-m\libg.a(lib_a-vfiprintf.o)
 *(.ARM.extab* .gnu.linkonce.armextab.*)
                0x00085b48                . = ALIGN (0x4)
 *(.init)
 .init          0x00085b48        0x4 c:/users/админ/appdata/local/arduino15/packages/arduino/tools/arm-none-eabi-gcc/4.8.3-2014q1/bin/../lib/gcc/arm-none-eabi/4.8.3/armv7-m/crti.o
                0x00085b48                _init
 .init          0x00085b4c        0x8 c:/users/админ/appdata/local/arduino15/packages/arduino/tools/arm-none-eabi-gcc/4.8.3-2014q1/bin/../lib/gcc/arm-none-eabi/4.8.3/armv7-m/crtn.o
                0x00085b54                . = ALIGN (0x4)
                0x00085b54                __preinit_array_start = .
 *(.preinit_array)
                0x00085b54                __preinit_array_end = .
                0x00085b54                . = ALIGN (0x4)
                0x00085b54                __init_array_start = .
 *(SORT(.init_array.*))
 .init_array.00000
                0x00085b54        0x4 c:/users/админ/appdata/local/arduino15/packages/arduino/tools/arm-none-eabi-gcc/4.8.3-2014q1/bin/../lib/gcc/arm-none-eabi/4.8.3/../../../../arm-none-eabi/lib/armv7-m\libg.a(lib_a-__call_atexit.o)
 *(.init_array)
 .init_array    0x00085b58        0x4 c:/users/админ/appdata/local/arduino15/packages/arduino/tools/arm-none-eabi-gcc/4.8.3-2014q1/bin/../lib/gcc/arm-none-eabi/4.8.3/armv7-m/crtbegin.o
 .init_array    0x00085b5c        0x4 C:\Users\Админ\AppData\Local\Temp\VMBuilds\ard_universal_maket\arduino_due_x_dbg\Debug\FastLED-3.1.3\FastLED.cpp.o
 .init_array    0x00085b60        0x4 C:\Users\Админ\AppData\Local\Temp\VMBuilds\ard_universal_maket\arduino_due_x_dbg\Debug\VM_DBG\VM_DBG.cpp.o
 .init_array    0x00085b64        0x4 C:\Users\Админ\AppData\Local\Temp\VMBuilds\ard_universal_maket\arduino_due_x_dbg\Debug\variant\variant.cpp.o
 .init_array    0x00085b68        0x4 C:\Users\Админ\AppData\Local\Temp\VMBuilds\ard_universal_maket\arduino_due_x_dbg\Debug/core.a(USBCore.cpp.o)
 .init_array    0x00085b6c        0x4 C:\Users\Админ\AppData\Local\Temp\VMBuilds\ard_universal_maket\arduino_due_x_dbg\Debug/core.a(CDC.cpp.o)
                0x00085b70                __init_array_end = .
                0x00085b70                . = ALIGN (0x4)
 *crtbegin.o(.ctors)
 *(EXCLUDE_FILE(*crtend.o) .ctors)
 *(SORT(.ctors.*))
 *crtend.o(.ctors)
                0x00085b70                . = ALIGN (0x4)
 *(.fini)
 .fini          0x00085b70        0x4 c:/users/админ/appdata/local/arduino15/packages/arduino/tools/arm-none-eabi-gcc/4.8.3-2014q1/bin/../lib/gcc/arm-none-eabi/4.8.3/armv7-m/crti.o
                0x00085b70                _fini
 .fini          0x00085b74        0x8 c:/users/админ/appdata/local/arduino15/packages/arduino/tools/arm-none-eabi-gcc/4.8.3-2014q1/bin/../lib/gcc/arm-none-eabi/4.8.3/armv7-m/crtn.o
                0x00085b7c                . = ALIGN (0x4)
                0x00085b7c                __fini_array_start = .
 *(.fini_array)
 .fini_array    0x00085b7c        0x4 c:/users/админ/appdata/local/arduino15/packages/arduino/tools/arm-none-eabi-gcc/4.8.3-2014q1/bin/../lib/gcc/arm-none-eabi/4.8.3/armv7-m/crtbegin.o
 *(SORT(.fini_array.*))
                0x00085b80                __fini_array_end = .
 *crtbegin.o(.dtors)
 *(EXCLUDE_FILE(*crtend.o) .dtors)
 *(SORT(.dtors.*))
 *crtend.o(.dtors)
                0x00085b80                . = ALIGN (0x4)
                0x00085b80                _efixed = .
                0x00085b80                PROVIDE (__exidx_start, .)

.vfp11_veneer   0x00085b80        0x0
 .vfp11_veneer  0x00000000        0x0 linker stubs

.v4_bx          0x00085b80        0x0
 .v4_bx         0x00000000        0x0 linker stubs

.iplt           0x00085b80        0x0
 .iplt          0x00000000        0x0 c:/users/админ/appdata/local/arduino15/packages/arduino/tools/arm-none-eabi-gcc/4.8.3-2014q1/bin/../lib/gcc/arm-none-eabi/4.8.3/armv7-m/crtbegin.o

.ARM.exidx      0x00085b80        0x8
 *(.ARM.exidx* .gnu.linkonce.armexidx.*)
 .ARM.exidx     0x00085b80        0x8 c:/users/админ/appdata/local/arduino15/packages/arduino/tools/arm-none-eabi-gcc/4.8.3-2014q1/bin/../lib/gcc/arm-none-eabi/4.8.3/armv7-m\libgcc.a(_divdi3.o)
 .ARM.exidx     0x00085b88        0x0 c:/users/админ/appdata/local/arduino15/packages/arduino/tools/arm-none-eabi-gcc/4.8.3-2014q1/bin/../lib/gcc/arm-none-eabi/4.8.3/armv7-m\libgcc.a(_udivdi3.o)
                                  0x8 (size before relaxing)
                0x00085b88                PROVIDE (__exidx_end, .)

.eh_frame       0x00085b88        0x0
 .eh_frame      0x00085b88        0x0 c:/users/админ/appdata/local/arduino15/packages/arduino/tools/arm-none-eabi-gcc/4.8.3-2014q1/bin/../lib/gcc/arm-none-eabi/4.8.3/armv7-m/crtbegin.o

.rel.dyn        0x00085b88        0x0
 .rel.iplt      0x00000000        0x0 c:/users/админ/appdata/local/arduino15/packages/arduino/tools/arm-none-eabi-gcc/4.8.3-2014q1/bin/../lib/gcc/arm-none-eabi/4.8.3/armv7-m/crtbegin.o

.jcr            0x00085b88        0x0
 .jcr           0x00085b88        0x0 c:/users/админ/appdata/local/arduino15/packages/arduino/tools/arm-none-eabi-gcc/4.8.3-2014q1/bin/../lib/gcc/arm-none-eabi/4.8.3/armv7-m/crtbegin.o

.igot.plt       0x00085b88        0x0
 .igot.plt      0x00000000        0x0 c:/users/админ/appdata/local/arduino15/packages/arduino/tools/arm-none-eabi-gcc/4.8.3-2014q1/bin/../lib/gcc/arm-none-eabi/4.8.3/armv7-m/crtbegin.o
                0x00085b88                . = ALIGN (0x4)
                0x00085b88                _etext = .

.relocate       0x20070000      0x8d4 load address 0x00085b88
                0x20070000                . = ALIGN (0x4)
                0x20070000                _srelocate = .
 *(.ramfunc .ramfunc.*)
 .ramfunc       0x20070000       0x2c C:\Users\Админ\AppData\Local\Temp\VMBuilds\ard_universal_maket\arduino_due_x_dbg\Debug/core.a(Reset.cpp.o)
                0x20070000                banzai
 *(.data .data.*)
 .data.mode     0x2007002c        0x1 C:\Users\Админ\AppData\Local\Temp\VMBuilds\ard_universal_maket\arduino_due_x_dbg\Debug\ard_universal_maket.cpp.o
                0x2007002c                mode
 .data.address  0x2007002d        0x1 C:\Users\Админ\AppData\Local\Temp\VMBuilds\ard_universal_maket\arduino_due_x_dbg\Debug\ard_universal_maket.cpp.o
                0x2007002d                address
 *fill*         0x2007002e        0x2 
 .data.SystemCoreClock
                0x20070030        0x4 C:\Users\Админ\AppData\Local\arduino15\packages\arduino\hardware\sam\1.6.11\variants\arduino_due_x/libsam_sam3x8e_gcc_rel.a(system_sam3xa.o)
                0x20070030                SystemCoreClock
 .data._ZL5ticks
                0x20070034        0x4 C:\Users\Админ\AppData\Local\Temp\VMBuilds\ard_universal_maket\arduino_due_x_dbg\Debug/core.a(Reset.cpp.o)
 .data.EndPoints
                0x20070038       0x28 C:\Users\Админ\AppData\Local\Temp\VMBuilds\ard_universal_maket\arduino_due_x_dbg\Debug/core.a(USBCore.cpp.o)
                0x20070038                EndPoints
 .data._ZL10breakValue
                0x20070060        0x4 C:\Users\Админ\AppData\Local\Temp\VMBuilds\ard_universal_maket\arduino_due_x_dbg\Debug/core.a(CDC.cpp.o)
 .data._ZL12_usbLineInfo
                0x20070064        0x8 C:\Users\Админ\AppData\Local\Temp\VMBuilds\ard_universal_maket\arduino_due_x_dbg\Debug/core.a(CDC.cpp.o)
 .data.g_interrupt_enabled
                0x2007006c        0x4 C:\Users\Админ\AppData\Local\arduino15\packages\arduino\hardware\sam\1.6.11\variants\arduino_due_x/libsam_sam3x8e_gcc_rel.a(interrupt_sam_nvic.o)
                0x2007006c                g_interrupt_enabled
 .data.impure_data
                0x20070070      0x428 c:/users/админ/appdata/local/arduino15/packages/arduino/tools/arm-none-eabi-gcc/4.8.3-2014q1/bin/../lib/gcc/arm-none-eabi/4.8.3/../../../../arm-none-eabi/lib/armv7-m\libg.a(lib_a-impure.o)
 .data._impure_ptr
                0x20070498        0x4 c:/users/админ/appdata/local/arduino15/packages/arduino/tools/arm-none-eabi-gcc/4.8.3-2014q1/bin/../lib/gcc/arm-none-eabi/4.8.3/../../../../arm-none-eabi/lib/armv7-m\libg.a(lib_a-impure.o)
                0x20070498                _impure_ptr
 .data.__malloc_av_
                0x2007049c      0x408 c:/users/админ/appdata/local/arduino15/packages/arduino/tools/arm-none-eabi-gcc/4.8.3-2014q1/bin/../lib/gcc/arm-none-eabi/4.8.3/../../../../arm-none-eabi/lib/armv7-m\libg.a(lib_a-mallocr.o)
                0x2007049c                __malloc_av_
 .data.__malloc_trim_threshold
                0x200708a4        0x4 c:/users/админ/appdata/local/arduino15/packages/arduino/tools/arm-none-eabi-gcc/4.8.3-2014q1/bin/../lib/gcc/arm-none-eabi/4.8.3/../../../../arm-none-eabi/lib/armv7-m\libg.a(lib_a-mallocr.o)
                0x200708a4                __malloc_trim_threshold
 .data.__malloc_sbrk_base
                0x200708a8        0x4 c:/users/админ/appdata/local/arduino15/packages/arduino/tools/arm-none-eabi-gcc/4.8.3-2014q1/bin/../lib/gcc/arm-none-eabi/4.8.3/../../../../arm-none-eabi/lib/armv7-m\libg.a(lib_a-mallocr.o)
                0x200708a8                __malloc_sbrk_base
 .data.lc_ctype_charset
                0x200708ac       0x20 c:/users/админ/appdata/local/arduino15/packages/arduino/tools/arm-none-eabi-gcc/4.8.3-2014q1/bin/../lib/gcc/arm-none-eabi/4.8.3/../../../../arm-none-eabi/lib/armv7-m\libg.a(lib_a-locale.o)
 .data.__mb_cur_max
                0x200708cc        0x4 c:/users/админ/appdata/local/arduino15/packages/arduino/tools/arm-none-eabi-gcc/4.8.3-2014q1/bin/../lib/gcc/arm-none-eabi/4.8.3/../../../../arm-none-eabi/lib/armv7-m\libg.a(lib_a-locale.o)
                0x200708cc                __mb_cur_max
 .data.__wctomb
                0x200708d0        0x4 c:/users/админ/appdata/local/arduino15/packages/arduino/tools/arm-none-eabi-gcc/4.8.3-2014q1/bin/../lib/gcc/arm-none-eabi/4.8.3/../../../../arm-none-eabi/lib/armv7-m\libg.a(lib_a-wctomb_r.o)
                0x200708d0                __wctomb
                0x200708d4                . = ALIGN (0x4)
                0x200708d4                _erelocate = .

.bss            0x200708d4      0x894 load address 0x0008645c
                0x200708d4                . = ALIGN (0x4)
                0x200708d4                _sbss = .
                0x200708d4                _szero = .
 *(.bss .bss.*)
 .bss           0x200708d4       0x1c c:/users/админ/appdata/local/arduino15/packages/arduino/tools/arm-none-eabi-gcc/4.8.3-2014q1/bin/../lib/gcc/arm-none-eabi/4.8.3/armv7-m/crtbegin.o
 .bss.__VisualMicro_DEBUG_1_HITCOUNTER__
                0x200708f0        0x4 C:\Users\Админ\AppData\Local\Temp\VMBuilds\ard_universal_maket\arduino_due_x_dbg\Debug\ard_universal_maket.cpp.o
                0x200708f0                __VisualMicro_DEBUG_1_HITCOUNTER__
 .bss.__VisualMicro_DEBUG_1_GLastMillis__
                0x200708f4        0x4 C:\Users\Админ\AppData\Local\Temp\VMBuilds\ard_universal_maket\arduino_due_x_dbg\Debug\ard_universal_maket.cpp.o
                0x200708f4                __VisualMicro_DEBUG_1_GLastMillis__
 .bss.FastLED   0x200708f8       0x10 C:\Users\Админ\AppData\Local\Temp\VMBuilds\ard_universal_maket\arduino_due_x_dbg\Debug\FastLED-3.1.3\FastLED.cpp.o
                0x200708f8                FastLED
 .bss.MicroDebug
                0x20070908       0x4c C:\Users\Админ\AppData\Local\Temp\VMBuilds\ard_universal_maket\arduino_due_x_dbg\Debug\VM_DBG\VM_DBG.cpp.o
                0x20070908                MicroDebug
 .bss.dOutNum   0x20070954        0x1 C:\Users\Админ\AppData\Local\Temp\VMBuilds\ard_universal_maket\arduino_due_x_dbg\Debug\protoLib.cpp.o
                0x20070954                dOutNum
 *fill*         0x20070955        0x3 
 .bss.dOut      0x20070958        0x4 C:\Users\Админ\AppData\Local\Temp\VMBuilds\ard_universal_maket\arduino_due_x_dbg\Debug\protoLib.cpp.o
                0x20070958                dOut
 .bss.tx_buffer2
                0x2007095c       0x88 C:\Users\Админ\AppData\Local\Temp\VMBuilds\ard_universal_maket\arduino_due_x_dbg\Debug\variant\variant.cpp.o
                0x2007095c                tx_buffer2
 .bss.tx_buffer1
                0x200709e4       0x88 C:\Users\Админ\AppData\Local\Temp\VMBuilds\ard_universal_maket\arduino_due_x_dbg\Debug\variant\variant.cpp.o
                0x200709e4                tx_buffer1
 .bss.Serial    0x20070a6c       0x24 C:\Users\Админ\AppData\Local\Temp\VMBuilds\ard_universal_maket\arduino_due_x_dbg\Debug\variant\variant.cpp.o
                0x20070a6c                Serial
 .bss.rx_buffer1
                0x20070a90       0x88 C:\Users\Админ\AppData\Local\Temp\VMBuilds\ard_universal_maket\arduino_due_x_dbg\Debug\variant\variant.cpp.o
                0x20070a90                rx_buffer1
 .bss.Serial1   0x20070b18       0x28 C:\Users\Админ\AppData\Local\Temp\VMBuilds\ard_universal_maket\arduino_due_x_dbg\Debug\variant\variant.cpp.o
                0x20070b18                Serial1
 .bss.Serial2   0x20070b40       0x28 C:\Users\Админ\AppData\Local\Temp\VMBuilds\ard_universal_maket\arduino_due_x_dbg\Debug\variant\variant.cpp.o
                0x20070b40                Serial2
 .bss.Serial3   0x20070b68       0x28 C:\Users\Админ\AppData\Local\Temp\VMBuilds\ard_universal_maket\arduino_due_x_dbg\Debug\variant\variant.cpp.o
                0x20070b68                Serial3
 .bss.tx_buffer3
                0x20070b90       0x88 C:\Users\Админ\AppData\Local\Temp\VMBuilds\ard_universal_maket\arduino_due_x_dbg\Debug\variant\variant.cpp.o
                0x20070b90                tx_buffer3
 .bss.tx_buffer4
                0x20070c18       0x88 C:\Users\Админ\AppData\Local\Temp\VMBuilds\ard_universal_maket\arduino_due_x_dbg\Debug\variant\variant.cpp.o
                0x20070c18                tx_buffer4
 .bss.g_pinStatus
                0x20070ca0       0x4f C:\Users\Админ\AppData\Local\Temp\VMBuilds\ard_universal_maket\arduino_due_x_dbg\Debug\variant\variant.cpp.o
                0x20070ca0                g_pinStatus
 *fill*         0x20070cef        0x1 
 .bss.rx_buffer2
                0x20070cf0       0x88 C:\Users\Админ\AppData\Local\Temp\VMBuilds\ard_universal_maket\arduino_due_x_dbg\Debug\variant\variant.cpp.o
                0x20070cf0                rx_buffer2
 .bss.rx_buffer3
                0x20070d78       0x88 C:\Users\Админ\AppData\Local\Temp\VMBuilds\ard_universal_maket\arduino_due_x_dbg\Debug\variant\variant.cpp.o
                0x20070d78                rx_buffer3
 .bss.rx_buffer4
                0x20070e00       0x88 C:\Users\Админ\AppData\Local\Temp\VMBuilds\ard_universal_maket\arduino_due_x_dbg\Debug\variant\variant.cpp.o
                0x20070e00                rx_buffer4
 .bss.gpf_isr   0x20070e88        0x4 C:\Users\Админ\AppData\Local\arduino15\packages\arduino\hardware\sam\1.6.11\variants\arduino_due_x/libsam_sam3x8e_gcc_rel.a(uotghs.o)
                0x20070e88                gpf_isr
 .bss.heap.6420
                0x20070e8c        0x4 C:\Users\Админ\AppData\Local\Temp\VMBuilds\ard_universal_maket\arduino_due_x_dbg\Debug/core.a(syscalls_sam3.c.o)
 .bss._cmark    0x20070e90        0x2 C:\Users\Админ\AppData\Local\Temp\VMBuilds\ard_universal_maket\arduino_due_x_dbg\Debug/core.a(USBCore.cpp.o)
                0x20070e90                _cmark
 .bss._ZL14isEndpointHalt
                0x20070e92        0x1 C:\Users\Админ\AppData\Local\Temp\VMBuilds\ard_universal_maket\arduino_due_x_dbg\Debug/core.a(USBCore.cpp.o)
 *fill*         0x20070e93        0x1 
 .bss._cdcComposite
                0x20070e94        0x4 C:\Users\Админ\AppData\Local\Temp\VMBuilds\ard_universal_maket\arduino_due_x_dbg\Debug/core.a(USBCore.cpp.o)
                0x20070e94                _cdcComposite
 .bss._ZL21isRemoteWakeUpEnabled
                0x20070e98        0x1 C:\Users\Админ\AppData\Local\Temp\VMBuilds\ard_universal_maket\arduino_due_x_dbg\Debug/core.a(USBCore.cpp.o)
 *fill*         0x20070e99        0x3 
 .bss._usbInitialized
                0x20070e9c        0x4 C:\Users\Админ\AppData\Local\Temp\VMBuilds\ard_universal_maket\arduino_due_x_dbg\Debug/core.a(USBCore.cpp.o)
                0x20070e9c                _usbInitialized
 .bss.USBDevice
                0x20070ea0        0x1 C:\Users\Админ\AppData\Local\Temp\VMBuilds\ard_universal_maket\arduino_due_x_dbg\Debug/core.a(USBCore.cpp.o)
                0x20070ea0                USBDevice
 *fill*         0x20070ea1        0x3 
 .bss._usbSetInterface
                0x20070ea4        0x4 C:\Users\Админ\AppData\Local\Temp\VMBuilds\ard_universal_maket\arduino_due_x_dbg\Debug/core.a(USBCore.cpp.o)
                0x20070ea4                _usbSetInterface
 .bss._cend     0x20070ea8        0x2 C:\Users\Админ\AppData\Local\Temp\VMBuilds\ard_universal_maket\arduino_due_x_dbg\Debug/core.a(USBCore.cpp.o)
                0x20070ea8                _cend
 *fill*         0x20070eaa        0x2 
 .bss._usbConfiguration
                0x20070eac        0x4 C:\Users\Админ\AppData\Local\Temp\VMBuilds\ard_universal_maket\arduino_due_x_dbg\Debug/core.a(USBCore.cpp.o)
                0x20070eac                _usbConfiguration
 .bss.cdc_rx_buffer
                0x20070eb0      0x208 C:\Users\Админ\AppData\Local\Temp\VMBuilds\ard_universal_maket\arduino_due_x_dbg\Debug/core.a(CDC.cpp.o)
                0x20070eb0                cdc_rx_buffer
 .bss._ZZN7Serial_6acceptEvE5guard
                0x200710b8        0x4 C:\Users\Админ\AppData\Local\Temp\VMBuilds\ard_universal_maket\arduino_due_x_dbg\Debug/core.a(CDC.cpp.o)
 .bss.SerialUSB
                0x200710bc       0x14 C:\Users\Админ\AppData\Local\Temp\VMBuilds\ard_universal_maket\arduino_due_x_dbg\Debug/core.a(CDC.cpp.o)
                0x200710bc                SerialUSB
 .bss._ZZ12PluggableUSBvE3obj
                0x200710d0        0x8 C:\Users\Админ\AppData\Local\Temp\VMBuilds\ard_universal_maket\arduino_due_x_dbg\Debug/core.a(PluggableUSB.cpp.o)
 .bss._ZGVZ12PluggableUSBvE3obj
                0x200710d8        0x4 C:\Users\Админ\AppData\Local\Temp\VMBuilds\ard_universal_maket\arduino_due_x_dbg\Debug/core.a(PluggableUSB.cpp.o)
 .bss._dwTickCount
                0x200710dc        0x4 C:\Users\Админ\AppData\Local\arduino15\packages\arduino\hardware\sam\1.6.11\variants\arduino_due_x/libsam_sam3x8e_gcc_rel.a(timetick.o)
 .bss.ul_recv_fifo_ptr
                0x200710e0       0x28 C:\Users\Админ\AppData\Local\arduino15\packages\arduino\hardware\sam\1.6.11\variants\arduino_due_x/libsam_sam3x8e_gcc_rel.a(uotghs_device.o)
 .bss.ul_send_fifo_ptr
                0x20071108       0x28 C:\Users\Админ\AppData\Local\arduino15\packages\arduino\hardware\sam\1.6.11\variants\arduino_due_x/libsam_sam3x8e_gcc_rel.a(uotghs_device.o)
 .bss.__malloc_max_total_mem
                0x20071130        0x4 c:/users/админ/appdata/local/arduino15/packages/arduino/tools/arm-none-eabi-gcc/4.8.3-2014q1/bin/../lib/gcc/arm-none-eabi/4.8.3/../../../../arm-none-eabi/lib/armv7-m\libg.a(lib_a-mallocr.o)
                0x20071130                __malloc_max_total_mem
 .bss.__malloc_max_sbrked_mem
                0x20071134        0x4 c:/users/админ/appdata/local/arduino15/packages/arduino/tools/arm-none-eabi-gcc/4.8.3-2014q1/bin/../lib/gcc/arm-none-eabi/4.8.3/../../../../arm-none-eabi/lib/armv7-m\libg.a(lib_a-mallocr.o)
                0x20071134                __malloc_max_sbrked_mem
 .bss.__malloc_top_pad
                0x20071138        0x4 c:/users/админ/appdata/local/arduino15/packages/arduino/tools/arm-none-eabi-gcc/4.8.3-2014q1/bin/../lib/gcc/arm-none-eabi/4.8.3/../../../../arm-none-eabi/lib/armv7-m\libg.a(lib_a-mallocr.o)
                0x20071138                __malloc_top_pad
 .bss.__malloc_current_mallinfo
                0x2007113c       0x28 c:/users/админ/appdata/local/arduino15/packages/arduino/tools/arm-none-eabi-gcc/4.8.3-2014q1/bin/../lib/gcc/arm-none-eabi/4.8.3/../../../../arm-none-eabi/lib/armv7-m\libg.a(lib_a-mallocr.o)
                0x2007113c                __malloc_current_mallinfo
 *(COMMON)
 COMMON         0x20071164        0x4 c:/users/админ/appdata/local/arduino15/packages/arduino/tools/arm-none-eabi-gcc/4.8.3-2014q1/bin/../lib/gcc/arm-none-eabi/4.8.3/../../../../arm-none-eabi/lib/armv7-m\libg.a(lib_a-reent.o)
                0x20071164                errno
                0x20071168                . = ALIGN (0x4)
                0x20071168                _ebss = .
                0x20071168                _ezero = .
                0x20071168                . = ALIGN (0x4)
                0x20071168                _end = .

.stack_dummy    0x20071168        0x0
 *(.stack*)
                0x20088000                __StackTop = (ORIGIN (ram) + 0x18000)
                0x20088000                __StackLimit = (__StackTop - SIZEOF (.stack_dummy))
                0x20088000                PROVIDE (_sstack, __StackLimit)
                0x20088000                PROVIDE (_estack, __StackTop)
OUTPUT(C:\Users\Админ\AppData\Local\Temp\VMBuilds\ard_universal_maket\arduino_due_x_dbg\Debug/ard_universal_maket.ino.elf elf32-littlearm)

.ARM.attributes
                0x00000000       0x29
 .ARM.attributes
                0x00000000       0x1d c:/users/админ/appdata/local/arduino15/packages/arduino/tools/arm-none-eabi-gcc/4.8.3-2014q1/bin/../lib/gcc/arm-none-eabi/4.8.3/armv7-m/crti.o
 .ARM.attributes
                0x0000001d       0x2d c:/users/админ/appdata/local/arduino15/packages/arduino/tools/arm-none-eabi-gcc/4.8.3-2014q1/bin/../lib/gcc/arm-none-eabi/4.8.3/armv7-m/crtbegin.o
 .ARM.attributes
                0x0000004a       0x33 C:\Users\Админ\AppData\Local\Temp\VMBuilds\ard_universal_maket\arduino_due_x_dbg\Debug\ard_universal_maket.cpp.o
 .ARM.attributes
                0x0000007d       0x33 C:\Users\Админ\AppData\Local\Temp\VMBuilds\ard_universal_maket\arduino_due_x_dbg\Debug\FastLED-3.1.3\FastLED.cpp.o
 .ARM.attributes
                0x000000b0       0x33 C:\Users\Админ\AppData\Local\Temp\VMBuilds\ard_universal_maket\arduino_due_x_dbg\Debug\VM_DBG\VM_DBG.cpp.o
 .ARM.attributes
                0x000000e3       0x33 C:\Users\Админ\AppData\Local\Temp\VMBuilds\ard_universal_maket\arduino_due_x_dbg\Debug\protoLib.cpp.o
 .ARM.attributes
                0x00000116       0x33 C:\Users\Админ\AppData\Local\Temp\VMBuilds\ard_universal_maket\arduino_due_x_dbg\Debug\variant\variant.cpp.o
 .ARM.attributes
                0x00000149       0x33 C:\Users\Админ\AppData\Local\arduino15\packages\arduino\hardware\sam\1.6.11\variants\arduino_due_x/libsam_sam3x8e_gcc_rel.a(pio.o)
 .ARM.attributes
                0x0000017c       0x33 C:\Users\Админ\AppData\Local\arduino15\packages\arduino\hardware\sam\1.6.11\variants\arduino_due_x/libsam_sam3x8e_gcc_rel.a(pmc.o)
 .ARM.attributes
                0x000001af       0x33 C:\Users\Админ\AppData\Local\arduino15\packages\arduino\hardware\sam\1.6.11\variants\arduino_due_x/libsam_sam3x8e_gcc_rel.a(system_sam3xa.o)
 .ARM.attributes
                0x000001e2       0x33 C:\Users\Админ\AppData\Local\arduino15\packages\arduino\hardware\sam\1.6.11\variants\arduino_due_x/libsam_sam3x8e_gcc_rel.a(startup_sam3xa.o)
 .ARM.attributes
                0x00000215       0x33 C:\Users\Админ\AppData\Local\arduino15\packages\arduino\hardware\sam\1.6.11\variants\arduino_due_x/libsam_sam3x8e_gcc_rel.a(adc.o)
 .ARM.attributes
                0x00000248       0x33 C:\Users\Админ\AppData\Local\arduino15\packages\arduino\hardware\sam\1.6.11\variants\arduino_due_x/libsam_sam3x8e_gcc_rel.a(uotghs.o)
 .ARM.attributes
                0x0000027b       0x33 C:\Users\Админ\AppData\Local\Temp\VMBuilds\ard_universal_maket\arduino_due_x_dbg\Debug/core.a(cortex_handlers.c.o)
 .ARM.attributes
                0x000002ae       0x33 C:\Users\Админ\AppData\Local\Temp\VMBuilds\ard_universal_maket\arduino_due_x_dbg\Debug/core.a(hooks.c.o)
 .ARM.attributes
                0x000002e1       0x33 C:\Users\Админ\AppData\Local\Temp\VMBuilds\ard_universal_maket\arduino_due_x_dbg\Debug/core.a(syscalls_sam3.c.o)
 .ARM.attributes
                0x00000314       0x33 C:\Users\Админ\AppData\Local\Temp\VMBuilds\ard_universal_maket\arduino_due_x_dbg\Debug/core.a(wiring.c.o)
 .ARM.attributes
                0x00000347       0x33 C:\Users\Админ\AppData\Local\Temp\VMBuilds\ard_universal_maket\arduino_due_x_dbg\Debug/core.a(wiring_analog.c.o)
 .ARM.attributes
                0x0000037a       0x33 C:\Users\Админ\AppData\Local\Temp\VMBuilds\ard_universal_maket\arduino_due_x_dbg\Debug/core.a(wiring_digital.c.o)
 .ARM.attributes